Component: Arm Compiler for Embedded 6.19 Tool: armlink [5dfeaa00]

==============================================================================

Section Cross References

    ti_msp_dl_config.o(.text.SYSCFG_DL_init) refers to ti_msp_dl_config.o(.text.SYSCFG_DL_initPower) for SYSCFG_DL_initPower
    ti_msp_dl_config.o(.text.SYSCFG_DL_init) refers to ti_msp_dl_config.o(.text.SYSCFG_DL_GPIO_init) for SYSCFG_DL_GPIO_init
    ti_msp_dl_config.o(.text.SYSCFG_DL_init) refers to ti_msp_dl_config.o(.text.SYSCFG_DL_SYSCTL_init) for SYSCFG_DL_SYSCTL_init
    ti_msp_dl_config.o(.text.SYSCFG_DL_init) refers to ti_msp_dl_config.o(.text.SYSCFG_DL_PWM_0_init) for SYSCFG_DL_PWM_0_init
    ti_msp_dl_config.o(.text.SYSCFG_DL_init) refers to ti_msp_dl_config.o(.text.SYSCFG_DL_TIMER_0_init) for SYSCFG_DL_TIMER_0_init
    ti_msp_dl_config.o(.text.SYSCFG_DL_init) refers to ti_msp_dl_config.o(.text.SYSCFG_DL_I2C_0_init) for SYSCFG_DL_I2C_0_init
    ti_msp_dl_config.o(.text.SYSCFG_DL_init) refers to ti_msp_dl_config.o(.text.SYSCFG_DL_UART_0_init) for SYSCFG_DL_UART_0_init
    ti_msp_dl_config.o(.text.SYSCFG_DL_init) refers to ti_msp_dl_config.o(.bss.gTIMER_0Backup) for gTIMER_0Backup
    ti_msp_dl_config.o(.text.SYSCFG_DL_init) refers to ti_msp_dl_config.o(.bss.gPWM_0Backup) for gPWM_0Backup
    ti_msp_dl_config.o(.ARM.exidx.text.SYSCFG_DL_init) refers to ti_msp_dl_config.o(.text.SYSCFG_DL_init) for [Anonymous Symbol]
    ti_msp_dl_config.o(.text.SYSCFG_DL_initPower) refers to ti_msp_dl_config.o(.text.DL_GPIO_reset) for DL_GPIO_reset
    ti_msp_dl_config.o(.text.SYSCFG_DL_initPower) refers to ti_msp_dl_config.o(.text.DL_Timer_reset) for DL_Timer_reset
    ti_msp_dl_config.o(.text.SYSCFG_DL_initPower) refers to ti_msp_dl_config.o(.text.DL_I2C_reset) for DL_I2C_reset
    ti_msp_dl_config.o(.text.SYSCFG_DL_initPower) refers to ti_msp_dl_config.o(.text.DL_UART_reset) for DL_UART_reset
    ti_msp_dl_config.o(.text.SYSCFG_DL_initPower) refers to ti_msp_dl_config.o(.text.DL_GPIO_enablePower) for DL_GPIO_enablePower
    ti_msp_dl_config.o(.text.SYSCFG_DL_initPower) refers to ti_msp_dl_config.o(.text.DL_Timer_enablePower) for DL_Timer_enablePower
    ti_msp_dl_config.o(.text.SYSCFG_DL_initPower) refers to ti_msp_dl_config.o(.text.DL_I2C_enablePower) for DL_I2C_enablePower
    ti_msp_dl_config.o(.text.SYSCFG_DL_initPower) refers to ti_msp_dl_config.o(.text.DL_UART_enablePower) for DL_UART_enablePower
    ti_msp_dl_config.o(.text.SYSCFG_DL_initPower) refers to dl_common.o(.text.DL_Common_delayCycles) for DL_Common_delayCycles
    ti_msp_dl_config.o(.ARM.exidx.text.SYSCFG_DL_initPower) refers to ti_msp_dl_config.o(.text.SYSCFG_DL_initPower) for [Anonymous Symbol]
    ti_msp_dl_config.o(.text.SYSCFG_DL_GPIO_init) refers to ti_msp_dl_config.o(.text.DL_GPIO_initPeripheralOutputFunction) for DL_GPIO_initPeripheralOutputFunction
    ti_msp_dl_config.o(.text.SYSCFG_DL_GPIO_init) refers to ti_msp_dl_config.o(.text.DL_GPIO_enableOutput) for DL_GPIO_enableOutput
    ti_msp_dl_config.o(.text.SYSCFG_DL_GPIO_init) refers to ti_msp_dl_config.o(.text.DL_GPIO_initPeripheralInputFunctionFeatures) for DL_GPIO_initPeripheralInputFunctionFeatures
    ti_msp_dl_config.o(.text.SYSCFG_DL_GPIO_init) refers to ti_msp_dl_config.o(.text.DL_GPIO_enableHiZ) for DL_GPIO_enableHiZ
    ti_msp_dl_config.o(.text.SYSCFG_DL_GPIO_init) refers to ti_msp_dl_config.o(.text.DL_GPIO_initPeripheralInputFunction) for DL_GPIO_initPeripheralInputFunction
    ti_msp_dl_config.o(.text.SYSCFG_DL_GPIO_init) refers to ti_msp_dl_config.o(.text.DL_GPIO_initDigitalOutput) for DL_GPIO_initDigitalOutput
    ti_msp_dl_config.o(.text.SYSCFG_DL_GPIO_init) refers to ti_msp_dl_config.o(.text.DL_GPIO_initDigitalInput) for DL_GPIO_initDigitalInput
    ti_msp_dl_config.o(.text.SYSCFG_DL_GPIO_init) refers to ti_msp_dl_config.o(.text.DL_GPIO_initDigitalOutputFeatures) for DL_GPIO_initDigitalOutputFeatures
    ti_msp_dl_config.o(.text.SYSCFG_DL_GPIO_init) refers to ti_msp_dl_config.o(.text.DL_GPIO_initDigitalInputFeatures) for DL_GPIO_initDigitalInputFeatures
    ti_msp_dl_config.o(.text.SYSCFG_DL_GPIO_init) refers to ti_msp_dl_config.o(.text.DL_GPIO_clearPins) for DL_GPIO_clearPins
    ti_msp_dl_config.o(.text.SYSCFG_DL_GPIO_init) refers to ti_msp_dl_config.o(.text.DL_GPIO_setPins) for DL_GPIO_setPins
    ti_msp_dl_config.o(.text.SYSCFG_DL_GPIO_init) refers to ti_msp_dl_config.o(.text.DL_GPIO_setLowerPinsPolarity) for DL_GPIO_setLowerPinsPolarity
    ti_msp_dl_config.o(.text.SYSCFG_DL_GPIO_init) refers to ti_msp_dl_config.o(.text.DL_GPIO_clearInterruptStatus) for DL_GPIO_clearInterruptStatus
    ti_msp_dl_config.o(.text.SYSCFG_DL_GPIO_init) refers to ti_msp_dl_config.o(.text.DL_GPIO_enableInterrupt) for DL_GPIO_enableInterrupt
    ti_msp_dl_config.o(.ARM.exidx.text.SYSCFG_DL_GPIO_init) refers to ti_msp_dl_config.o(.text.SYSCFG_DL_GPIO_init) for [Anonymous Symbol]
[...]
    [Anonymous Symbol]                       0x00003f98   Section        0  protocol.o(.text.protocol_frame_parse)
    [Anonymous Symbol]                       0x000040d0   Section        0  protocol.o(.text.protocol_init)
    __arm_cp.3_0                             0x000040e0   Number         4  protocol.o(.text.protocol_init)
    __arm_cp.3_1                             0x000040e4   Number         4  protocol.o(.text.protocol_init)
    [Anonymous Symbol]                       0x000040e8   Section        0  protocol.o(.text.receiving_process)
    __arm_cp.4_0                             0x00004268   Number         4  protocol.o(.text.receiving_process)
    __arm_cp.4_1                             0x0000426c   Number         4  protocol.o(.text.receiving_process)
    __arm_cp.4_2                             0x00004270   Number         4  protocol.o(.text.receiving_process)
    __arm_cp.4_3                             0x00004274   Number         4  protocol.o(.text.receiving_process)
    __arm_cp.4_4                             0x00004278   Number         4  protocol.o(.text.receiving_process)
    __arm_cp.4_5                             0x0000427c   Number         4  protocol.o(.text.receiving_process)
    __arm_cp.4_6                             0x00004280   Number         4  protocol.o(.text.receiving_process)
    __arm_cp.4_7                             0x00004284   Number         4  protocol.o(.text.receiving_process)
    __arm_cp.4_8                             0x00004288   Number         4  protocol.o(.text.receiving_process)
    __arm_cp.4_9                             0x0000428c   Number         4  protocol.o(.text.receiving_process)
    __arm_cp.4_10                            0x00004290   Number         4  protocol.o(.text.receiving_process)
    __arm_cp.4_11                            0x00004294   Number         4  protocol.o(.text.receiving_process)
    __arm_cp.4_12                            0x00004298   Number         4  protocol.o(.text.receiving_process)
    __arm_cp.4_13                            0x0000429c   Number         4  protocol.o(.text.receiving_process)
    recvbuf_find_header                      0x000042a1   Thumb Code    88  protocol.o(.text.recvbuf_find_header)
    [Anonymous Symbol]                       0x000042a0   Section        0  protocol.o(.text.recvbuf_find_header)
    recvbuf_get_len_to_parse                 0x000042f9   Thumb Code    32  protocol.o(.text.recvbuf_get_len_to_parse)
    [Anonymous Symbol]                       0x000042f8   Section        0  protocol.o(.text.recvbuf_get_len_to_parse)
    recvbuf_put_data                         0x00004319   Thumb Code    60  protocol.o(.text.recvbuf_put_data)
    [Anonymous Symbol]                       0x00004318   Section        0  protocol.o(.text.recvbuf_put_data)
    [Anonymous Symbol]                       0x00004354   Section        0  protocol.o(.text.set_computer_value)
    __arm_cp.7_0                             0x000043bc   Number         4  protocol.o(.text.set_computer_value)
    __arm_cp.7_1                             0x000043c0   Number         4  protocol.o(.text.set_computer_value)
    __arm_cp.7_2                             0x000043c4   Number         4  protocol.o(.text.set_computer_value)
    .text_divfast                            0x000043c8   Section      502  aeabi_sdivfast.o(.text_divfast)
    i.__ARM_fpclassify                       0x000045c0   Section        0  fpclassify.o(i.__ARM_fpclassify)
    i.__kernel_poly                          0x000045ec   Section        0  poly.o(i.__kernel_poly)
    i.__mathlib_dbl_infnan                   0x00004698   Section        0  dunder.o(i.__mathlib_dbl_infnan)
    i.__mathlib_dbl_underflow                0x000046a4   Section        0  dunder.o(i.__mathlib_dbl_underflow)
    i._deq                                   0x000046b8   Section        0  dcmp.o(i._deq)
    i._dleq                                  0x000046ce   Section        0  dcmp.o(i._dleq)
    i._feq                                   0x000046e8   Section        0  fcmp.o(i._feq)
    i._fgeq                                  0x000046fe   Section        0  fcmp.o(i._fgeq)
    i._fleq                                  0x00004714   Section        0  fcmp.o(i._fleq)
    i.atan                                   0x00004730   Section        0  atan.o(i.atan)
    i.round                                  0x0000494c   Section        0  round.o(i.round)
    i.sqrtf                                  0x000049e8   Section        0  sqrtf.o(i.sqrtf)
    x$fpl$deqf                               0x00004a14   Section      100  deqf.o(x$fpl$deqf)
    x$fpl$dleqf                              0x00004a78   Section      100  dlef.o(x$fpl$dleqf)
    x$fpl$drleqf                             0x00004adc   Section      104  drlef.o(x$fpl$drleqf)
    x$fpl$fadd                               0x00004b44   Section      140  faddsub.o(x$fpl$fadd)
    _fadd1                                   0x00004b51   Thumb Code     0  faddsub.o(x$fpl$fadd)
    x$fpl$feqf                               0x00004bd0   Section       84  feqf.o(x$fpl$feqf)
    x$fpl$fgeqf                              0x00004c24   Section       84  fgef.o(x$fpl$fgeqf)
    x$fpl$fleqf                              0x00004c78   Section       84  flef.o(x$fpl$fleqf)
    x$fpl$fmul                               0x00004ccc   Section      176  fmul.o(x$fpl$fmul)
    x$fpl$fsub                               0x00004d7c   Section      208  faddsub.o(x$fpl$fsub)
    _fsub1                                   0x00004d89   Thumb Code     0  faddsub.o(x$fpl$fsub)
    ddiv_reciptbl                            0x00004e4c   Data         128  ddiv.o(.constdata)
    .constdata                               0x00004e4c   Section      128  ddiv.o(.constdata)
    x$fpl$usenofp                            0x00004e4c   Section        0  usenofp.o(x$fpl$usenofp)
    fdiv_tab                                 0x00004ecc   Data          64  fdiv.o(.constdata)
    .constdata                               0x00004ecc   Section       64  fdiv.o(.constdata)
    atanhi                                   0x00004f10   Data          32  atan.o(.constdata)
    .constdata                               0x00004f10   Section      152  atan.o(.constdata)
    atanlo                                   0x00004f30   Data          32  atan.o(.constdata)
    aTodd                                    0x00004f50   Data          40  atan.o(.constdata)
    aTeven                                   0x00004f78   Data          48  atan.o(.constdata)
    gI2C_0ClockConfig                        0x00005598   Data           2  ti_msp_dl_config.o(.rodata.gI2C_0ClockConfig)
    [Anonymous Symbol]                       0x00005598   Section        0  ti_msp_dl_config.o(.rodata.gI2C_0ClockConfig)
    gPWM_0ClockConfig                        0x0000559a   Data           3  ti_msp_dl_config.o(.rodata.gPWM_0ClockConfig)
    [Anonymous Symbol]                       0x0000559a   Section        0  ti_msp_dl_config.o(.rodata.gPWM_0ClockConfig)
    gPWM_0Config                             0x000055a0   Data           8  ti_msp_dl_config.o(.rodata.gPWM_0Config)
    [Anonymous Symbol]                       0x000055a0   Section        0  ti_msp_dl_config.o(.rodata.gPWM_0Config)
    gTIMER_0ClockConfig                      0x000055a8   Data           3  ti_msp_dl_config.o(.rodata.gTIMER_0ClockConfig)
    [Anonymous Symbol]                       0x000055a8   Section        0  ti_msp_dl_config.o(.rodata.gTIMER_0ClockConfig)
    gTIMER_0TimerConfig                      0x000055ac   Data          20  ti_msp_dl_config.o(.rodata.gTIMER_0TimerConfig)
    [Anonymous Symbol]                       0x000055ac   Section        0  ti_msp_dl_config.o(.rodata.gTIMER_0TimerConfig)
    gUART_0ClockConfig                       0x000055c0   Data           2  ti_msp_dl_config.o(.rodata.gUART_0ClockConfig)
    [Anonymous Symbol]                       0x000055c0   Section        0  ti_msp_dl_config.o(.rodata.gUART_0ClockConfig)
    gUART_0Config                            0x000055c2   Data          10  ti_msp_dl_config.o(.rodata.gUART_0Config)
    [Anonymous Symbol]                       0x000055c2   Section        0  ti_msp_dl_config.o(.rodata.gUART_0Config)
    [Anonymous Symbol]                       0x000055cc   Section        0  main.o(.rodata.str1.1)
    MPU6050_ReadDatas_Proc.EKF               0x20200008   Data          72  mpu6050.o(.data.MPU6050_ReadDatas_Proc.EKF)
    [Anonymous Symbol]                       0x20200008   Section        0  mpu6050.o(.data.MPU6050_ReadDatas_Proc.EKF)
    .bss                                     0x202001a8   Section       96  libspace.o(.bss)
    Huidu_Proc.huidu_lasterror               0x20200218   Data           4  gw_gray.o(.bss.Huidu_Proc.huidu_lasterror)
    [Anonymous Symbol]                       0x20200218   Section        0  gw_gray.o(.bss.Huidu_Proc.huidu_lasterror)
    MPU6050_ReadDatas_Proc.time              0x2020023e   Data           2  mpu6050.o(.bss.MPU6050_ReadDatas_Proc.time)
    [Anonymous Symbol]                       0x2020023e   Section        0  mpu6050.o(.bss.MPU6050_ReadDatas_Proc.time)
    MPU6050_ReadDatas_Proc.x                 0x20200240   Data           4  mpu6050.o(.bss.MPU6050_ReadDatas_Proc.x)
    [Anonymous Symbol]                       0x20200240   Section        0  mpu6050.o(.bss.MPU6050_ReadDatas_Proc.x)
    MPU6050_ReadDatas_Proc.y                 0x20200244   Data           4  mpu6050.o(.bss.MPU6050_ReadDatas_Proc.y)
    [Anonymous Symbol]                       0x20200244   Section        0  mpu6050.o(.bss.MPU6050_ReadDatas_Proc.y)
    MPU6050_ReadDatas_Proc.z                 0x20200248   Data           4  mpu6050.o(.bss.MPU6050_ReadDatas_Proc.z)
    [Anonymous Symbol]                       0x20200248   Section        0  mpu6050.o(.bss.MPU6050_ReadDatas_Proc.z)
    TIMA1_IRQHandler.count_100ms             0x202006f0   Data           2  main.o(.bss.TIMA1_IRQHandler.count_100ms)
    [Anonymous Symbol]                       0x202006f0   Section        0  main.o(.bss.TIMA1_IRQHandler.count_100ms)
    TIMA1_IRQHandler.count_10ms              0x202006f2   Data           2  main.o(.bss.TIMA1_IRQHandler.count_10ms)
    [Anonymous Symbol]                       0x202006f2   Section        0  main.o(.bss.TIMA1_IRQHandler.count_10ms)
    TIMA1_IRQHandler.t                       0x202006f4   Data           2  main.o(.bss.TIMA1_IRQHandler.t)
    [Anonymous Symbol]                       0x202006f4   Section        0  main.o(.bss.TIMA1_IRQHandler.t)
    parser                                   0x202008e8   Data          12  protocol.o(.bss.parser)
    [Anonymous Symbol]                       0x202008e8   Section        0  protocol.o(.bss.parser)
    recv_buf                                 0x202008fd   Data         128  protocol.o(.bss.recv_buf)
    [Anonymous Symbol]                       0x202008fd   Section        0  protocol.o(.bss.recv_buf)
    set_computer_value.set_packet            0x20200984   Data          10  protocol.o(.bss.set_computer_value.set_packet)
    [Anonymous Symbol]                       0x20200984   Section        0  protocol.o(.bss.set_computer_value.set_packet)
    Heap_Mem                                 0x20200990   Data         512  startup_mspm0g350x_uvision.o(HEAP)
    HEAP                                     0x20200990   Section      512  startup_mspm0g350x_uvision.o(HEAP)
    Stack_Mem                                0x20200b90   Data        1024  startup_mspm0g350x_uvision.o(STACK)
    STACK                                    0x20200b90   Section     1024  startup_mspm0g350x_uvision.o(STACK)
    __initial_sp                             0x20200f90   Data           0  startup_mspm0g350x_uvision.o(STACK)

    Global Symbols

    Symbol Name                              Value     Ov Type        Size  Object(Section)

    BuildAttributes$$THM_ISAv3M$S$PE$A:L22$X:L11$S22$IEEE1$IW$~IW$USESV6$~STKCKD$USESV7$~SHL$OTIME$ROPI$IEEEX$EBA8$UX$STANDARDLIB$REQ8$PRES8$EABIv2 0x00000000   Number         0  anon$$obj.o ABSOLUTE
    __Vectors                                0x00000000   Data           4  startup_mspm0g350x_uvision.o(RESET)
    _printf_flags                            0x00000000   Number         0  printf_stubs.o ABSOLUTE
    _printf_return_value                     0x00000000   Number         0  printf_stubs.o ABSOLUTE
    _printf_sizespec                         0x00000000   Number         0  printf_stubs.o ABSOLUTE
    _printf_widthprec                        0x00000000   Number         0  printf_stubs.o ABSOLUTE
    __ARM_exceptions_init                     - Undefined Weak Reference
    __alloca_initialize                       - Undefined Weak Reference
    __arm_preinit_                            - Undefined Weak Reference
    __arm_relocate_pie_                       - Undefined Weak Reference
    __cpp_initialize__aeabi_                  - Undefined Weak Reference
    __cxa_finalize                            - Undefined Weak Reference
    __sigvec_lookup                           - Undefined Weak Reference
    _atexit_init                              - Undefined Weak Reference
    _call_atexit_fns                          - Undefined Weak Reference
    _clock_init                               - Undefined Weak Reference
    _fp_trap_init                             - Undefined Weak Reference
    _fp_trap_shutdown                         - Undefined Weak Reference
    _get_lc_collate                           - Undefined Weak Reference
    _get_lc_monetary                          - Undefined Weak Reference
    _get_lc_time                              - Undefined Weak Reference
    _getenv_init                              - Undefined Weak Reference
    _handle_redirection                       - Undefined Weak Reference
    _init_alloc                               - Undefined Weak Reference
    _init_user_alloc                          - Undefined Weak Reference
    _initio                                   - Undefined Weak Reference
    _printf_mbtowc                            - Undefined Weak Reference
    _printf_wc                                - Undefined Weak Reference
    _rand_init                                - Undefined Weak Reference
    _signal_finish                            - Undefined Weak Reference
    _signal_init                              - Undefined Weak Reference
    _terminate_alloc                          - Undefined Weak Reference
    _terminate_user_alloc                     - Undefined Weak Reference
    _terminateio                              - Undefined Weak Reference
    __Vectors_End                            0x000000c0   Data           0  startup_mspm0g350x_uvision.o(RESET)
    __Vectors_Size                           0x000000c0   Number         0  startup_mspm0g350x_uvision.o ABSOLUTE
    __main                                   0x000000c1   Thumb Code     8  __main.o(!!!main)
    __scatterload                            0x000000c9   Thumb Code     0  __scatter.o(!!!scatter)
    __scatterload_rt2                        0x000000c9   Thumb Code    52  __scatter.o(!!!scatter)
    __scatterload_rt2_thumb_only             0x000000c9   Thumb Code     0  __scatter.o(!!!scatter)
    __scatterload_null                       0x000000d9   Thumb Code     0  __scatter.o(!!!scatter)
    __scatterload_zeroinit                   0x00000109   Thumb Code    28  __scatter_zi.o(!!handler_zi)
    __rt_lib_init                            0x00000125   Thumb Code     0  libinit.o(.ARM.Collect$$libinit$$00000000)
    __rt_lib_init_alloca_1                   0x00000127   Thumb Code     0  libinit2.o(.ARM.Collect$$libinit$$00000030)
    __rt_lib_init_argv_1                     0x00000127   Thumb Code     0  libinit2.o(.ARM.Collect$$libinit$$0000002E)
    __rt_lib_init_atexit_1                   0x00000127   Thumb Code     0  libinit2.o(.ARM.Collect$$libinit$$0000001D)
    __rt_lib_init_clock_1                    0x00000127   Thumb Code     0  libinit2.o(.ARM.Collect$$libinit$$00000023)
    __rt_lib_init_cpp_1                      0x00000127   Thumb Code     0  libinit2.o(.ARM.Collect$$libinit$$00000034)
    __rt_lib_init_exceptions_1               0x00000127   Thumb Code     0  libinit2.o(.ARM.Collect$$libinit$$00000032)
    __rt_lib_init_fp_1                       0x00000127   Thumb Code     0  libinit2.o(.ARM.Collect$$libinit$$00000002)
    __rt_lib_init_fp_trap_1                  0x00000127   Thumb Code     0  libinit2.o(.ARM.Collect$$libinit$$00000021)
    __rt_lib_init_getenv_1                   0x00000127   Thumb Code     0  libinit2.o(.ARM.Collect$$libinit$$00000025)
    __rt_lib_init_heap_1                     0x00000127   Thumb Code     0  libinit2.o(.ARM.Collect$$libinit$$0000000C)
    __rt_lib_init_lc_collate_1               0x00000127   Thumb Code     0  libinit2.o(.ARM.Collect$$libinit$$00000013)
    __rt_lib_init_lc_ctype_1                 0x00000127   Thumb Code     0  libinit2.o(.ARM.Collect$$libinit$$00000015)
    __rt_lib_init_lc_monetary_1              0x00000127   Thumb Code     0  libinit2.o(.ARM.Collect$$libinit$$00000017)
    __rt_lib_init_lc_numeric_1               0x00000127   Thumb Code     0  libinit2.o(.ARM.Collect$$libinit$$00000019)
    __rt_lib_init_lc_time_1                  0x00000127   Thumb Code     0  libinit2.o(.ARM.Collect$$libinit$$0000001B)
    __rt_lib_init_preinit_1                  0x00000127   Thumb Code     0  libinit2.o(.ARM.Collect$$libinit$$00000006)
    __rt_lib_init_rand_1                     0x00000127   Thumb Code     0  libinit2.o(.ARM.Collect$$libinit$$00000010)
    __rt_lib_init_relocate_pie_1             0x00000127   Thumb Code     0  libinit2.o(.ARM.Collect$$libinit$$00000004)
    __rt_lib_init_return                     0x00000127   Thumb Code     0  libinit2.o(.ARM.Collect$$libinit$$00000035)
    __rt_lib_init_signal_1                   0x00000127   Thumb Code     0  libinit2.o(.ARM.Collect$$libinit$$0000001F)
    __rt_lib_init_stdio_1                    0x00000127   Thumb Code     0  libinit2.o(.ARM.Collect$$libinit$$00000027)
    __rt_lib_init_user_alloc_1               0x00000127   Thumb Code     0  libinit2.o(.ARM.Collect$$libinit$$0000000E)
    __rt_lib_shutdown                        0x00000129   Thumb Code     0  libshutdown.o(.ARM.Collect$$libshutdown$$00000000)
    __rt_lib_shutdown_cpp_1                  0x0000012b   Thumb Code     0  libshutdown2.o(.ARM.Collect$$libshutdown$$00000002)
    __rt_lib_shutdown_fp_trap_1              0x0000012b   Thumb Code     0  libshutdown2.o(.ARM.Collect$$libshutdown$$00000007)
    __rt_lib_shutdown_heap_1                 0x0000012b   Thumb Code     0  libshutdown2.o(.ARM.Collect$$libshutdown$$0000000F)
    __rt_lib_shutdown_return                 0x0000012b   Thumb Code     0  libshutdown2.o(.ARM.Collect$$libshutdown$$00000010)
    __rt_lib_shutdown_signal_1               0x0000012b   Thumb Code     0  libshutdown2.o(.ARM.Collect$$libshutdown$$0000000A)
    __rt_lib_shutdown_stdio_1                0x0000012b   Thumb Code     0  libshutdown2.o(.ARM.Collect$$libshutdown$$00000004)
    __rt_lib_shutdown_user_alloc_1           0x0000012b   Thumb Code     0  libshutdown2.o(.ARM.Collect$$libshutdown$$0000000C)
    __rt_entry                               0x0000012d   Thumb Code     0  __rtentry.o(.ARM.Collect$$rtentry$$00000000)
    __rt_entry_presh_1                       0x0000012d   Thumb Code     0  __rtentry2.o(.ARM.Collect$$rtentry$$00000002)
    __rt_entry_sh                            0x0000012d   Thumb Code     0  __rtentry4.o(.ARM.Collect$$rtentry$$00000004)
    __rt_entry_li                            0x00000133   Thumb Code     0  __rtentry2.o(.ARM.Collect$$rtentry$$0000000A)
    __rt_entry_postsh_1                      0x00000133   Thumb Code     0  __rtentry2.o(.ARM.Collect$$rtentry$$00000009)
    __rt_entry_main                          0x00000137   Thumb Code     0  __rtentry2.o(.ARM.Collect$$rtentry$$0000000D)
    __rt_entry_postli_1                      0x00000137   Thumb Code     0  __rtentry2.o(.ARM.Collect$$rtentry$$0000000C)
    __rt_exit                                0x0000013f   Thumb Code     0  rtexit.o(.ARM.Collect$$rtexit$$00000000)
    __rt_exit_ls                             0x00000141   Thumb Code     0  rtexit2.o(.ARM.Collect$$rtexit$$00000003)
    __rt_exit_prels_1                        0x00000141   Thumb Code     0  rtexit2.o(.ARM.Collect$$rtexit$$00000002)
    __rt_exit_exit                           0x00000145   Thumb Code     0  rtexit2.o(.ARM.Collect$$rtexit$$00000004)
    __aeabi_memcpy4                          0x0000014d   Thumb Code    56  rt_memcpy.o(.emb_text)
    __aeabi_memcpy8                          0x0000014d   Thumb Code     0  rt_memcpy.o(.emb_text)
    Reset_Handler                            0x00000185   Thumb Code     4  startup_mspm0g350x_uvision.o(.text)
    NMI_Handler                              0x00000189   Thumb Code     2  startup_mspm0g350x_uvision.o(.text)
    HardFault_Handler                        0x0000018b   Thumb Code     2  startup_mspm0g350x_uvision.o(.text)
    SVC_Handler                              0x0000018d   Thumb Code     2  startup_mspm0g350x_uvision.o(.text)
    PendSV_Handler                           0x0000018f   Thumb Code     2  startup_mspm0g350x_uvision.o(.text)
    SysTick_Handler                          0x00000191   Thumb Code     2  startup_mspm0g350x_uvision.o(.text)
    ADC0_IRQHandler                          0x00000193   Thumb Code     0  startup_mspm0g350x_uvision.o(.text)
    ADC1_IRQHandler                          0x00000193   Thumb Code     0  startup_mspm0g350x_uvision.o(.text)
    AES_IRQHandler                           0x00000193   Thumb Code     0  startup_mspm0g350x_uvision.o(.text)
    CANFD0_IRQHandler                        0x00000193   Thumb Code     0  startup_mspm0g350x_uvision.o(.text)
    DAC0_IRQHandler                          0x00000193   Thumb Code     0  startup_mspm0g350x_uvision.o(.text)
    DMA_IRQHandler                           0x00000193   Thumb Code     0  startup_mspm0g350x_uvision.o(.text)
    Default_Handler                          0x00000193   Thumb Code     2  startup_mspm0g350x_uvision.o(.text)
    GROUP0_IRQHandler                        0x00000193   Thumb Code     0  startup_mspm0g350x_uvision.o(.text)
    I2C0_IRQHandler                          0x00000193   Thumb Code     0  startup_mspm0g350x_uvision.o(.text)
    I2C1_IRQHandler                          0x00000193   Thumb Code     0  startup_mspm0g350x_uvision.o(.text)
    RTC_IRQHandler                           0x00000193   Thumb Code     0  startup_mspm0g350x_uvision.o(.text)
    SPI0_IRQHandler                          0x00000193   Thumb Code     0  startup_mspm0g350x_uvision.o(.text)
    SPI1_IRQHandler                          0x00000193   Thumb Code     0  startup_mspm0g350x_uvision.o(.text)
    TIMA0_IRQHandler                         0x00000193   Thumb Code     0  startup_mspm0g350x_uvision.o(.text)
    TIMG0_IRQHandler                         0x00000193   Thumb Code     0  startup_mspm0g350x_uvision.o(.text)
    TIMG12_IRQHandler                        0x00000193   Thumb Code     0  startup_mspm0g350x_uvision.o(.text)
    TIMG6_IRQHandler                         0x00000193   Thumb Code     0  startup_mspm0g350x_uvision.o(.text)
    TIMG7_IRQHandler                         0x00000193   Thumb Code     0  startup_mspm0g350x_uvision.o(.text)
    TIMG8_IRQHandler                         0x00000193   Thumb Code     0  startup_mspm0g350x_uvision.o(.text)
    UART1_IRQHandler                         0x00000193   Thumb Code     0  startup_mspm0g350x_uvision.o(.text)
    UART2_IRQHandler                         0x00000193   Thumb Code     0  startup_mspm0g350x_uvision.o(.text)
    UART3_IRQHandler                         0x00000193   Thumb Code     0  startup_mspm0g350x_uvision.o(.text)
    __user_initial_stackheap                 0x00000195   Thumb Code    10  startup_mspm0g350x_uvision.o(.text)
    __aeabi_memcpy                           0x000001b5   Thumb Code   130  rt_memcpy.o(.text)
    __rt_memcpy                              0x000001b5   Thumb Code     0  rt_memcpy.o(.text)
    __aeabi_uidivmod                         0x00000239   Thumb Code    28  aeabi_sdivfast.o(.text)
    __aeabi_idivmod                          0x00000255   Thumb Code   472  aeabi_sdivfast.o(.text)
    __use_two_region_memory                  0x00000431   Thumb Code     2  heapauxi.o(.text)
    __rt_heap_escrow$2region                 0x00000433   Thumb Code     2  heapauxi.o(.text)
    __rt_heap_expand$2region                 0x00000435   Thumb Code     2  heapauxi.o(.text)
    __aeabi_d2f                              0x00000439   Thumb Code     0  d2f.o(.text)
    _d2f                                     0x00000439   Thumb Code   120  d2f.o(.text)
    __aeabi_dadd                             0x000007ad   Thumb Code     0  daddsub.o(.text)
    _dadd                                    0x000007ad   Thumb Code    26  daddsub.o(.text)
    __aeabi_dsub                             0x000007c7   Thumb Code     0  daddsub.o(.text)
    _dsub                                    0x000007c7   Thumb Code    22  daddsub.o(.text)
    __aeabi_drsub                            0x000007dd   Thumb Code     0  daddsub.o(.text)
    _drsb                                    0x000007dd   Thumb Code    28  daddsub.o(.text)
    __aeabi_ddiv                             0x0000080d   Thumb Code     0  ddiv.o(.text)
    _ddiv                                    0x0000080d   Thumb Code  1072  ddiv.o(.text)
    _drdiv                                   0x00000c3d   Thumb Code    20  ddiv.o(.text)
    __aeabi_d2uiz                            0x00000c55   Thumb Code     0  dfixui.o(.text)
    _dfixu                                   0x00000c55   Thumb Code    68  dfixui.o(.text)
    __aeabi_i2d_normalise                    0x00000c9d   Thumb Code    66  dflti.o(.text)
    __aeabi_i2d                              0x00000cdf   Thumb Code    16  dflti.o(.text)
    _dflt                                    0x00000cdf   Thumb Code     0  dflti.o(.text)
    __aeabi_ui2d                             0x00000cef   Thumb Code     6  dflti.o(.text)
    _dfltu                                   0x00000cef   Thumb Code     0  dflti.o(.text)
    __aeabi_dmul                             0x00000cf5   Thumb Code     0  dmul.o(.text)
    _dmul                                    0x00000cf5   Thumb Code   558  dmul.o(.text)
    __aeabi_f2d                              0x00000f3d   Thumb Code     0  f2d.o(.text)
    _f2d                                     0x00000f3d   Thumb Code    80  f2d.o(.text)
    __aeabi_fdiv                             0x00000f91   Thumb Code     0  fdiv.o(.text)
    _fdiv                                    0x00000f91   Thumb Code   334  fdiv.o(.text)
    _frdiv                                   0x000010df   Thumb Code     8  fdiv.o(.text)
    __aeabi_f2iz                             0x000010f1   Thumb Code     0  ffixi.o(.text)
    _ffix                                    0x000010f1   Thumb Code    76  ffixi.o(.text)
    __aeabi_i2f_normalise                    0x0000113d   Thumb Code    72  fflti.o(.text)
    __aeabi_i2f                              0x00001185   Thumb Code    16  fflti.o(.text)
    _fflt                                    0x00001185   Thumb Code     0  fflti.o(.text)
    __aeabi_ui2f                             0x00001195   Thumb Code     6  fflti.o(.text)
    _ffltu                                   0x00001195   Thumb Code     0  fflti.o(.text)
    __read_errno                             0x0000119b   Thumb Code    10  _rserrno.o(.text)
    __set_errno                              0x000011a5   Thumb Code    12  _rserrno.o(.text)
    _drnd                                    0x000011b1   Thumb Code   232  drnd.o(.text)
    __ARM_scalbn                             0x000012a1   Thumb Code    84  dscalbn.o(.text)
    _fsqrt                                   0x00001301   Thumb Code   140  fsqrt.o(.text)
    __aeabi_errno_addr                       0x00001391   Thumb Code     8  rt_errno_addr_intlibspace.o(.text)
    __errno$intlibspace                      0x00001391   Thumb Code     0  rt_errno_addr_intlibspace.o(.text)
    __rt_errno_addr$intlibspace              0x00001391   Thumb Code     0  rt_errno_addr_intlibspace.o(.text)
    __fpl_dcmp_InfNaN                        0x00001399   Thumb Code   154  dcmpin.o(.text)
    __fpl_fcmp_InfNaN                        0x00001439   Thumb Code    96  fcmpin.o(.text)
    __user_libspace                          0x0000149d   Thumb Code     8  libspace.o(.text)
    __user_perproc_libspace                  0x0000149d   Thumb Code     0  libspace.o(.text)
    __user_perthread_libspace                0x0000149d   Thumb Code     0  libspace.o(.text)
    __user_setup_stackheap                   0x000014a5   Thumb Code    62  sys_stackheap_outer.o(.text)
    exit                                     0x000014e3   Thumb Code    16  exit.o(.text)
    __fpl_cmpreturn                          0x000014f3   Thumb Code    46  cmpret.o(.text)
    __fpl_dcheck_NaN2                        0x00001521   Thumb Code    14  dnan2.o(.text)
    __fpl_fcheck_NaN2                        0x00001535   Thumb Code    10  fnan2.o(.text)
    __fpl_return_NaN                         0x00001545   Thumb Code    94  retnan.o(.text)
    _sys_exit                                0x000015a5   Thumb Code     8  sys_exit.o(.text)
    __I$use$semihosting                      0x000015b1   Thumb Code     0  use_no_semi.o(.text)
    __use_no_semihosting_swi                 0x000015b1   Thumb Code     2  use_no_semi.o(.text)
    __decompress                             0x000015b3   Thumb Code     0  __dczerorl2.o(.text)
    __decompress1                            0x000015b3   Thumb Code    86  __dczerorl2.o(.text)
    __semihosting_library_function           0x000015b3   Thumb Code     0  indicate_semi.o(.text)
    AHRS_Geteuler                            0x00001609   Thumb Code   472  mpu6050.o(.text.AHRS_Geteuler)
    DL_Common_delayCycles                    0x00001821   Thumb Code    10  dl_common.o(.text.DL_Common_delayCycles)
    DL_I2C_fillControllerTXFIFO              0x00001a21   Thumb Code    44  dl_i2c.o(.text.DL_I2C_fillControllerTXFIFO)
    DL_I2C_flushControllerTXFIFO             0x00001a4d   Thumb Code    40  dl_i2c.o(.text.DL_I2C_flushControllerTXFIFO)
    DL_I2C_setClockConfig                    0x00001ad1   Thumb Code    38  dl_i2c.o(.text.DL_I2C_setClockConfig)
    DL_TimerA_initPWMMode                    0x00001bbd   Thumb Code   112  dl_timer.o(.text.DL_TimerA_initPWMMode)
    DL_Timer_initPWMMode                     0x00001c61   Thumb Code   192  dl_timer.o(.text.DL_Timer_initPWMMode)
    DL_Timer_initTimerMode                   0x00001d21   Thumb Code   240  dl_timer.o(.text.DL_Timer_initTimerMode)
    DL_Timer_setCaptCompUpdateMethod         0x00001e2d   Thumb Code    28  dl_timer.o(.text.DL_Timer_setCaptCompUpdateMethod)
    DL_Timer_setCaptureCompareOutCtl         0x00001e49   Thumb Code    24  dl_timer.o(.text.DL_Timer_setCaptureCompareOutCtl)
    DL_Timer_setCaptureCompareValue          0x00001e61   Thumb Code    16  dl_timer.o(.text.DL_Timer_setCaptureCompareValue)
    DL_Timer_setClockConfig                  0x00001e71   Thumb Code    28  dl_timer.o(.text.DL_Timer_setClockConfig)
    DL_UART_init                             0x00001eed   Thumb Code    72  dl_uart.o(.text.DL_UART_init)
    DL_UART_setClockConfig                   0x00001f85   Thumb Code    18  dl_uart.o(.text.DL_UART_setClockConfig)
    DL_UART_transmitDataBlocking             0x00001fad   Thumb Code    20  dl_uart.o(.text.DL_UART_transmitDataBlocking)
    GROUP1_IRQHandler                        0x00001fc1   Thumb Code   244  encoder.o(.text.GROUP1_IRQHandler)
    HAL_UART_Transmit                        0x000020bd   Thumb Code    44  usart.o(.text.HAL_UART_Transmit)
    Huidu_Proc                               0x000020ed   Thumb Code   228  gw_gray.o(.text.Huidu_Proc)
    Huidu_Read                               0x000021fd   Thumb Code   152  gw_gray.o(.text.Huidu_Read)
    I2C_ReadReg                              0x000022a9   Thumb Code   104  mpu6050.o(.text.I2C_ReadReg)
    I2C_WriteReg                             0x00002405   Thumb Code    92  mpu6050.o(.text.I2C_WriteReg)
    KEY_PROC                                 0x00002465   Thumb Code   144  key.o(.text.KEY_PROC)
    Key_Read                                 0x00002501   Thumb Code   204  key.o(.text.Key_Read)
    LPF_1st                                  0x000025d1   Thumb Code    42  mpu6050.o(.text.LPF_1st)
    MEASURE_MOTORS_SPEED                     0x000025fd   Thumb Code   188  encoder.o(.text.MEASURE_MOTORS_SPEED)
    MPU6050_ReadDatas_Proc                   0x000026d5   Thumb Code   508  mpu6050.o(.text.MPU6050_ReadDatas_Proc)
    Motor1_Get_Speed                         0x000028f1   Thumb Code    52  encoder.o(.text.Motor1_Get_Speed)
    Motor2_Get_Speed                         0x00002931   Thumb Code    52  encoder.o(.text.Motor2_Get_Speed)
    NVIC_EnableIRQ_Init                      0x0000297d   Thumb Code    42  main.o(.text.NVIC_EnableIRQ_Init)
    OLED_Clear                               0x000029a9   Thumb Code    36  oled.o(.text.OLED_Clear)
    OLED_ColorTurn                           0x000029cd   Thumb Code    24  oled.o(.text.OLED_ColorTurn)
    OLED_DisplayTurn                         0x000029e5   Thumb Code    38  oled.o(.text.OLED_DisplayTurn)
    OLED_DrawPoint                           0x00002a0d   Thumb Code    44  oled.o(.text.OLED_DrawPoint)
    OLED_Init                                0x00002a39   Thumb Code   254  oled.o(.text.OLED_Init)
    OLED_Pow                                 0x00002b37   Thumb Code    18  oled.o(.text.OLED_Pow)
    OLED_Refresh                             0x00002b49   Thumb Code   100  oled.o(.text.OLED_Refresh)
    OLED_ShowBinNum                          0x00002bb1   Thumb Code    92  oled.o(.text.OLED_ShowBinNum)
    OLED_ShowChar                            0x00002c0d   Thumb Code   172  oled.o(.text.OLED_ShowChar)
    OLED_ShowFloatNum                        0x00002cbd   Thumb Code   288  oled.o(.text.OLED_ShowFloatNum)
    OLED_ShowNum                             0x00002ddd   Thumb Code   130  oled.o(.text.OLED_ShowNum)
    OLED_ShowSignedNum                       0x00002e5f   Thumb Code   102  oled.o(.text.OLED_ShowSignedNum)
    OLED_ShowString                          0x00002ec5   Thumb Code    80  oled.o(.text.OLED_ShowString)
    OLED_Show_Proc                           0x00002f15   Thumb Code  1448  main.o(.text.OLED_Show_Proc)
    OLED_Update                              0x00003539   Thumb Code     8  oled.o(.text.OLED_Update)
    OLED_WR_Byte                             0x00003541   Thumb Code    52  oled.o(.text.OLED_WR_Byte)
    PID_Calculate                            0x00003575   Thumb Code   126  motor_ctrl.o(.text.PID_Calculate)
    PID_Limit                                0x000035f3   Thumb Code    40  motor_ctrl.o(.text.PID_Limit)
    PWM_Limit                                0x0000361b   Thumb Code    20  motor_ctrl.o(.text.PWM_Limit)
    Protocol_Datas_Proc                      0x00003631   Thumb Code   192  main.o(.text.Protocol_Datas_Proc)
    SET_MOTORS_SPEED                         0x00003721   Thumb Code    16  motor_ctrl.o(.text.SET_MOTORS_SPEED)
    SYSCFG_DL_GPIO_init                      0x00003731   Thumb Code   296  ti_msp_dl_config.o(.text.SYSCFG_DL_GPIO_init)
    SYSCFG_DL_I2C_0_init                     0x00003865   Thumb Code    44  ti_msp_dl_config.o(.text.SYSCFG_DL_I2C_0_init)
    SYSCFG_DL_PWM_0_init                     0x00003899   Thumb Code   108  ti_msp_dl_config.o(.text.SYSCFG_DL_PWM_0_init)
    SYSCFG_DL_SYSCTL_init                    0x0000390d   Thumb Code    24  ti_msp_dl_config.o(.text.SYSCFG_DL_SYSCTL_init)
    SYSCFG_DL_TIMER_0_init                   0x00003925   Thumb Code    40  ti_msp_dl_config.o(.text.SYSCFG_DL_TIMER_0_init)
    SYSCFG_DL_UART_0_init                    0x00003955   Thumb Code    48  ti_msp_dl_config.o(.text.SYSCFG_DL_UART_0_init)
    SYSCFG_DL_init                           0x00003991   Thumb Code    44  ti_msp_dl_config.o(.text.SYSCFG_DL_init)
    SYSCFG_DL_initPower                      0x000039c5   Thumb Code    88  ti_msp_dl_config.o(.text.SYSCFG_DL_initPower)
    Set_Motor1_PWM                           0x00003a21   Thumb Code    28  motor_ctrl.o(.text.Set_Motor1_PWM)
    Set_Motor1_Speed                         0x00003a3d   Thumb Code    96  motor_ctrl.o(.text.Set_Motor1_Speed)
    Set_Motor2_PWM                           0x00003aa5   Thumb Code    28  motor_ctrl.o(.text.Set_Motor2_PWM)
    Set_Motor2_Speed                         0x00003ac9   Thumb Code    96  motor_ctrl.o(.text.Set_Motor2_Speed)
    Set_PID_Param                            0x00003b31   Thumb Code    16  motor_ctrl.o(.text.Set_PID_Param)
    Single_ReadI2C                           0x00003b41   Thumb Code    20  mpu6050.o(.text.Single_ReadI2C)
    Single_WriteI2C                          0x00003b55   Thumb Code    20  mpu6050.o(.text.Single_WriteI2C)
    TIMA1_IRQHandler                         0x00003b69   Thumb Code   316  main.o(.text.TIMA1_IRQHandler)
    UART0_IRQHandler                         0x00003d1d   Thumb Code    40  usart.o(.text.UART0_IRQHandler)
    check_sum                                0x00003db1   Thumb Code    20  protocol.o(.text.check_sum)
    delay_us                                 0x00003dc5   Thumb Code    10  delay.o(.text.delay_us)
    kalmanfiter                              0x00003e01   Thumb Code    90  mpu6050.o(.text.kalmanfiter)
    main                                     0x00003e5b   Thumb Code    34  main.o(.text.main)
    mpu6050_init                             0x00003e7d   Thumb Code   124  mpu6050.o(.text.mpu6050_init)
    mpu6050_read                             0x00003efd   Thumb Code   116  mpu6050.o(.text.mpu6050_read)
    protocol_data_recv                       0x00003f79   Thumb Code    32  protocol.o(.text.protocol_data_recv)
    protocol_init                            0x000040d1   Thumb Code    16  protocol.o(.text.protocol_init)
    receiving_process                        0x000040e9   Thumb Code   384  protocol.o(.text.receiving_process)
    set_computer_value                       0x00004355   Thumb Code   104  protocol.o(.text.set_computer_value)
    __aeabi_uidiv                            0x000043c9   Thumb Code    68  aeabi_sdivfast.o(.text_divfast)
    __aeabi_idiv                             0x0000440d   Thumb Code   434  aeabi_sdivfast.o(.text_divfast)
    __ARM_fpclassify                         0x000045c1   Thumb Code    40  fpclassify.o(i.__ARM_fpclassify)
    __kernel_poly                            0x000045ed   Thumb Code   172  poly.o(i.__kernel_poly)
    __mathlib_dbl_infnan                     0x00004699   Thumb Code    10  dunder.o(i.__mathlib_dbl_infnan)
    __mathlib_dbl_underflow                  0x000046a5   Thumb Code    14  dunder.o(i.__mathlib_dbl_underflow)
    __aeabi_dcmpeq                           0x000046b9   Thumb Code     0  dcmp.o(i._deq)
    _deq                                     0x000046b9   Thumb Code    22  dcmp.o(i._deq)
    __aeabi_dcmple                           0x000046cf   Thumb Code     0  dcmp.o(i._dleq)
    _dleq                                    0x000046cf   Thumb Code    26  dcmp.o(i._dleq)
    __aeabi_fcmpeq                           0x000046e9   Thumb Code     0  fcmp.o(i._feq)
    _feq                                     0x000046e9   Thumb Code    22  fcmp.o(i._feq)
    __aeabi_fcmpge                           0x000046ff   Thumb Code     0  fcmp.o(i._fgeq)
    _fgeq                                    0x000046ff   Thumb Code    22  fcmp.o(i._fgeq)
    __aeabi_fcmple                           0x00004715   Thumb Code     0  fcmp.o(i._fleq)
    _fleq                                    0x00004715   Thumb Code    26  fcmp.o(i._fleq)
    atan                                     0x00004731   Thumb Code   472  atan.o(i.atan)
    round                                    0x0000494d   Thumb Code   142  round.o(i.round)
    sqrtf                                    0x000049e9   Thumb Code    44  sqrtf.o(i.sqrtf)
    __aeabi_cdcmpeq                          0x00004a15   Thumb Code     0  deqf.o(x$fpl$deqf)
    _dcmpeq                                  0x00004a15   Thumb Code    94  deqf.o(x$fpl$deqf)
    __aeabi_cdcmple                          0x00004a79   Thumb Code     0  dlef.o(x$fpl$dleqf)
    _dcmple                                  0x00004a79   Thumb Code    94  dlef.o(x$fpl$dleqf)
    __aeabi_cdrcmple                         0x00004add   Thumb Code     0  drlef.o(x$fpl$drleqf)
    _drcmple                                 0x00004add   Thumb Code   100  drlef.o(x$fpl$drleqf)
    __aeabi_fadd                             0x00004b45   Thumb Code     0  faddsub.o(x$fpl$fadd)
    _fadd                                    0x00004b45   Thumb Code   134  faddsub.o(x$fpl$fadd)
    __aeabi_cfcmpeq                          0x00004bd1   Thumb Code     0  feqf.o(x$fpl$feqf)
    _fcmpeq                                  0x00004bd1   Thumb Code    78  feqf.o(x$fpl$feqf)
    _fcmpge                                  0x00004c25   Thumb Code    78  fgef.o(x$fpl$fgeqf)
    __aeabi_cfcmple                          0x00004c79   Thumb Code     0  flef.o(x$fpl$fleqf)
    _fcmple                                  0x00004c79   Thumb Code    78  flef.o(x$fpl$fleqf)
    __aeabi_fmul                             0x00004ccd   Thumb Code     0  fmul.o(x$fpl$fmul)
    _fmul                                    0x00004ccd   Thumb Code   172  fmul.o(x$fpl$fmul)
    __aeabi_fsub                             0x00004d7d   Thumb Code     0  faddsub.o(x$fpl$fsub)
    _fsub                                    0x00004d7d   Thumb Code   204  faddsub.o(x$fpl$fsub)
    __I$use$fp                               0x00004e4c   Number         0  usenofp.o(x$fpl$usenofp)
    OLED_F8x16                               0x00004fa8   Data        1520  oled.o(.rodata.OLED_F8x16)
    Region$$Table$$Base                      0x000055d8   Number         0  anon$$obj.o(Region$$Table)
    Region$$Table$$Limit                     0x000055f8   Number         0  anon$$obj.o(Region$$Table)
    Basic_Speed                              0x20200000   Data           4  main.o(.data.Basic_Speed)
    Car_Mode                                 0x20200004   Data           1  main.o(.data.Car_Mode)
    OLED_View_Select                         0x20200050   Data           1  main.o(.data.OLED_View_Select)
    Set_Motor_Param_Select                   0x20200051   Data           1  protocol.o(.data.Set_Motor_Param_Select)
    Turn_PID_Flag                            0x20200052   Data           1  motor_ctrl.o(.data.Turn_PID_Flag)
    pid_Angle                                0x20200054   Data          56  motor_ctrl.o(.data.pid_Angle)
    pid_Distance                             0x2020008c   Data          56  motor_ctrl.o(.data.pid_Distance)
    pid_Gyro                                 0x202000c4   Data          56  motor_ctrl.o(.data.pid_Gyro)
    pid_Motor1_Speed                         0x202000fc   Data          56  motor_ctrl.o(.data.pid_Motor1_Speed)
    pid_Motor2_Speed                         0x20200134   Data          56  motor_ctrl.o(.data.pid_Motor2_Speed)
    pid_Turn                                 0x2020016c   Data          56  motor_ctrl.o(.data.pid_Turn)
    __libspace_start                         0x202001a8   Data          96  libspace.o(.bss)
    Angle_PID_Flag                           0x20200208   Data           1  motor_ctrl.o(.bss.Angle_PID_Flag)
    __temporary_stack_top$libspace           0x20200208   Data           0  libspace.o(.bss)
    Distance_PID_Flag                        0x20200209   Data           1  motor_ctrl.o(.bss.Distance_PID_Flag)
    Gyro_PID_Flag                            0x2020020a   Data           1  motor_ctrl.o(.bss.Gyro_PID_Flag)
    Gyro_Z_Measeure                          0x2020020c   Data           4  mpu6050.o(.bss.Gyro_Z_Measeure)
    Huidu_Datas                              0x20200210   Data           1  gw_gray.o(.bss.Huidu_Datas)
    Huidu_Error                              0x20200214   Data           4  gw_gray.o(.bss.Huidu_Error)
    Huidu_Sum                                0x2020021c   Data           4  gw_gray.o(.bss.Huidu_Sum)
    Huidu_Target                             0x20200220   Data           4  gw_gray.o(.bss.Huidu_Target)
    Key                                      0x20200224   Data          24  key.o(.bss.Key)
    MOTOR1_ENABLE_FLAG                       0x2020023c   Data           1  motor_ctrl.o(.bss.MOTOR1_ENABLE_FLAG)
    MOTOR2_ENABLE_FLAG                       0x2020023d   Data           1  motor_ctrl.o(.bss.MOTOR2_ENABLE_FLAG)
    Measure_Distance                         0x2020024c   Data           4  encoder.o(.bss.Measure_Distance)
    Motor1_Encoder_Value                     0x20200250   Data           4  encoder.o(.bss.Motor1_Encoder_Value)
    Motor1_Lucheng                           0x20200254   Data           4  encoder.o(.bss.Motor1_Lucheng)
    Motor1_Speed                             0x20200258   Data           4  encoder.o(.bss.Motor1_Speed)
    Motor1_Target_Speed                      0x2020025c   Data           4  main.o(.bss.Motor1_Target_Speed)
    Motor2_Encoder_Value                     0x20200260   Data           4  encoder.o(.bss.Motor2_Encoder_Value)
    Motor2_Lucheng                           0x20200264   Data           4  encoder.o(.bss.Motor2_Lucheng)
    Motor2_Speed                             0x20200268   Data           4  encoder.o(.bss.Motor2_Speed)
    Motor2_Target_Speed                      0x2020026c   Data           4  main.o(.bss.Motor2_Target_Speed)
    OLED_GRAM                                0x20200270   Data        1152  oled.o(.bss.OLED_GRAM)
    Target_Angle                             0x202006f8   Data           4  main.o(.bss.Target_Angle)
    Target_ChaSu                             0x202006fc   Data           4  main.o(.bss.Target_ChaSu)
    Target_Distance                          0x20200700   Data           4  main.o(.bss.Target_Distance)
    Target_Gyro                              0x20200704   Data           4  main.o(.bss.Target_Gyro)
    Yaw                                      0x20200708   Data           4  mpu6050.o(.bss.Yaw)
    gPWM_0Backup                             0x2020070c   Data         188  ti_msp_dl_config.o(.bss.gPWM_0Backup)
    gTIMER_0Backup                           0x202007c8   Data         188  ti_msp_dl_config.o(.bss.gTIMER_0Backup)
    mpu6050                                  0x20200884   Data         100  mpu6050.o(.bss.mpu6050)
    pitch2                                   0x202008f4   Data           4  mpu6050.o(.bss.pitch2)
    read_imu                                 0x202008f8   Data           5  mpu6050.o(.bss.read_imu)
    roll2                                    0x20200980   Data           4  mpu6050.o(.bss.roll2)



==============================================================================

Memory Map of the image

  Image Entry point : 0x000000c1

  Load Region LR_IROM1 (Base: 0x00000000, Size: 0x000057a0, Max: 0x00020000, ABSOLUTE, COMPRESSED[0x00005650])

    Execution Region ER_IROM1 (Exec base: 0x00000000, Load base: 0x00000000, Size: 0x000055f8, Max: 0x00020000, ABSOLUTE)

    Exec Addr    Load Addr    Size         Type   Attr      Idx    E Section Name        Object

    0x00000000   0x00000000   0x000000c0   Data   RO          170    RESET               startup_mspm0g350x_uvision.o
    0x000000c0   0x000000c0   0x00000008   Code   RO          729  * !!!main             c_p.l(__main.o)
    0x000000c8   0x000000c8   0x0000003c   Code   RO         1184    !!!scatter          c_p.l(__scatter.o)
    0x00000104   0x00000104   0x00000004   PAD
    0x00000108   0x00000108   0x0000001c   Code   RO         1186    !!handler_zi        c_p.l(__scatter_zi.o)
    0x00000124   0x00000124   0x00000002   Code   RO         1027    .ARM.Collect$$libinit$$00000000  c_p.l(libinit.o)
    0x00000126   0x00000126   0x00000000   Code   RO         1053    .ARM.Collect$$libinit$$00000002  c_p.l(libinit2.o)
    0x00000126   0x00000126   0x00000000   Code   RO         1055    .ARM.Collect$$libinit$$00000004  c_p.l(libinit2.o)
    0x00000126   0x00000126   0x00000000   Code   RO         1057    .ARM.Collect$$libinit$$00000006  c_p.l(libinit2.o)
    0x00000126   0x00000126   0x00000000   Code   RO         1060    .ARM.Collect$$libinit$$0000000C  c_p.l(libinit2.o)
    0x00000126   0x00000126   0x00000000   Code   RO         1062    .ARM.Collect$$libinit$$0000000E  c_p.l(libinit2.o)
    0x00000126   0x00000126   0x00000000   Code   RO         1064    .ARM.Collect$$libinit$$00000010  c_p.l(libinit2.o)
    0x00000126   0x00000126   0x00000000   Code   RO         1067    .ARM.Collect$$libinit$$00000013  c_p.l(libinit2.o)
    0x00000126   0x00000126   0x00000000   Code   RO         1069    .ARM.Collect$$libinit$$00000015  c_p.l(libinit2.o)
    0x00000126   0x00000126   0x00000000   Code   RO         1071    .ARM.Collect$$libinit$$00000017  c_p.l(libinit2.o)
    0x00000126   0x00000126   0x00000000   Code   RO         1073    .ARM.Collect$$libinit$$00000019  c_p.l(libinit2.o)
    0x00000126   0x00000126   0x00000000   Code   RO         1075    .ARM.Collect$$libinit$$0000001B  c_p.l(libinit2.o)
    0x00000126   0x00000126   0x00000000   Code   RO         1077    .ARM.Collect$$libinit$$0000001D  c_p.l(libinit2.o)
    0x00000126   0x00000126   0x00000000   Code   RO         1079    .ARM.Collect$$libinit$$0000001F  c_p.l(libinit2.o)
    0x00000126   0x00000126   0x00000000   Code   RO         1081    .ARM.Collect$$libinit$$00000021  c_p.l(libinit2.o)
    0x00000126   0x00000126   0x00000000   Code   RO         1083    .ARM.Collect$$libinit$$00000023  c_p.l(libinit2.o)
    0x00000126   0x00000126   0x00000000   Code   RO         1085    .ARM.Collect$$libinit$$00000025  c_p.l(libinit2.o)
    0x00000126   0x00000126   0x00000000   Code   RO         1087    .ARM.Collect$$libinit$$00000027  c_p.l(libinit2.o)
    0x00000126   0x00000126   0x00000000   Code   RO         1091    .ARM.Collect$$libinit$$0000002E  c_p.l(libinit2.o)
    0x00000126   0x00000126   0x00000000   Code   RO         1093    .ARM.Collect$$libinit$$00000030  c_p.l(libinit2.o)
    0x00000126   0x00000126   0x00000000   Code   RO         1095    .ARM.Collect$$libinit$$00000032  c_p.l(libinit2.o)
    0x00000126   0x00000126   0x00000000   Code   RO         1097    .ARM.Collect$$libinit$$00000034  c_p.l(libinit2.o)
    0x00000126   0x00000126   0x00000002   Code   RO         1098    .ARM.Collect$$libinit$$00000035  c_p.l(libinit2.o)
    0x00000128   0x00000128   0x00000002   Code   RO         1137    .ARM.Collect$$libshutdown$$00000000  c_p.l(libshutdown.o)
    0x0000012a   0x0000012a   0x00000000   Code   RO         1165    .ARM.Collect$$libshutdown$$00000002  c_p.l(libshutdown2.o)
    0x0000012a   0x0000012a   0x00000000   Code   RO         1167    .ARM.Collect$$libshutdown$$00000004  c_p.l(libshutdown2.o)
    0x0000012a   0x0000012a   0x00000000   Code   RO         1170    .ARM.Collect$$libshutdown$$00000007  c_p.l(libshutdown2.o)
    0x0000012a   0x0000012a   0x00000000   Code   RO         1173    .ARM.Collect$$libshutdown$$0000000A  c_p.l(libshutdown2.o)
    0x0000012a   0x0000012a   0x00000000   Code   RO         1175    .ARM.Collect$$libshutdown$$0000000C  c_p.l(libshutdown2.o)
    0x0000012a   0x0000012a   0x00000000   Code   RO         1178    .ARM.Collect$$libshutdown$$0000000F  c_p.l(libshutdown2.o)
    0x0000012a   0x0000012a   0x00000002   Code   RO         1179    .ARM.Collect$$libshutdown$$00000010  c_p.l(libshutdown2.o)
    0x0000012c   0x0000012c   0x00000000   Code   RO          796    .ARM.Collect$$rtentry$$00000000  c_p.l(__rtentry.o)
    0x0000012c   0x0000012c   0x00000000   Code   RO          942    .ARM.Collect$$rtentry$$00000002  c_p.l(__rtentry2.o)
    0x0000012c   0x0000012c   0x00000006   Code   RO          954    .ARM.Collect$$rtentry$$00000004  c_p.l(__rtentry4.o)
    0x00000132   0x00000132   0x00000000   Code   RO          944    .ARM.Collect$$rtentry$$00000009  c_p.l(__rtentry2.o)
    0x00000132   0x00000132   0x00000004   Code   RO          945    .ARM.Collect$$rtentry$$0000000A  c_p.l(__rtentry2.o)
    0x00000136   0x00000136   0x00000000   Code   RO          947    .ARM.Collect$$rtentry$$0000000C  c_p.l(__rtentry2.o)
    0x00000136   0x00000136   0x00000008   Code   RO          948    .ARM.Collect$$rtentry$$0000000D  c_p.l(__rtentry2.o)
    0x0000013e   0x0000013e   0x00000002   Code   RO         1037    .ARM.Collect$$rtexit$$00000000  c_p.l(rtexit.o)
    0x00000140   0x00000140   0x00000000   Code   RO         1106    .ARM.Collect$$rtexit$$00000002  c_p.l(rtexit2.o)
    0x00000140   0x00000140   0x00000004   Code   RO         1107    .ARM.Collect$$rtexit$$00000003  c_p.l(rtexit2.o)
    0x00000144   0x00000144   0x00000006   Code   RO         1108    .ARM.Collect$$rtexit$$00000004  c_p.l(rtexit2.o)
    0x0000014a   0x0000014a   0x00000002   PAD
    0x0000014c   0x0000014c   0x00000038   Code   RO          715    .emb_text           c_p.l(rt_memcpy.o)
    0x00000184   0x00000184   0x00000030   Code   RO          171    .text               startup_mspm0g350x_uvision.o
    0x000001b4   0x000001b4   0x00000082   Code   RO          716    .text               c_p.l(rt_memcpy.o)
    0x00000236   0x00000236   0x00000002   PAD
    0x00000238   0x00000238   0x000001f8   Code   RO          719    .text               c_p.l(aeabi_sdivfast.o)
    0x00000430   0x00000430   0x00000006   Code   RO          727    .text               c_p.l(heapauxi.o)
    0x00000436   0x00000436   0x00000002   PAD
    0x00000438   0x00000438   0x0000007c   Code   RO          731    .text               fz_ps.l(d2f.o)
    0x000004b4   0x000004b4   0x00000358   Code   RO          733    .text               fz_ps.l(daddsub.o)
    0x0000080c   0x0000080c   0x00000448   Code   RO          747    .text               fz_ps.l(ddiv.o)
    0x00000c54   0x00000c54   0x00000048   Code   RO          750    .text               fz_ps.l(dfixui.o)
    0x00000c9c   0x00000c9c   0x00000058   Code   RO          752    .text               fz_ps.l(dflti.o)
    0x00000cf4   0x00000cf4   0x00000248   Code   RO          754    .text               fz_ps.l(dmul.o)
    0x00000f3c   0x00000f3c   0x00000054   Code   RO          756    .text               fz_ps.l(f2d.o)
    0x00000f90   0x00000f90   0x00000160   Code   RO          776    .text               fz_ps.l(fdiv.o)
    0x000010f0   0x000010f0   0x0000004c   Code   RO          779    .text               fz_ps.l(ffixi.o)
    0x0000113c   0x0000113c   0x0000005e   Code   RO          781    .text               fz_ps.l(fflti.o)
    0x0000119a   0x0000119a   0x00000016   Code   RO          801    .text               c_p.l(_rserrno.o)
    0x000011b0   0x000011b0   0x000000f0   Code   RO          902    .text               fz_ps.l(drnd.o)
    0x000012a0   0x000012a0   0x00000060   Code   RO          904    .text               fz_ps.l(dscalbn.o)
    0x00001300   0x00001300   0x00000090   Code   RO          912    .text               fz_ps.l(fsqrt.o)
    0x00001390   0x00001390   0x00000008   Code   RO          961    .text               c_p.l(rt_errno_addr_intlibspace.o)
    0x00001398   0x00001398   0x000000a0   Code   RO          985    .text               fz_ps.l(dcmpin.o)
    0x00001438   0x00001438   0x00000064   Code   RO          987    .text               fz_ps.l(fcmpin.o)
    0x0000149c   0x0000149c   0x00000008   Code   RO          989    .text               c_p.l(libspace.o)
    0x000014a4   0x000014a4   0x0000003e   Code   RO          992    .text               c_p.l(sys_stackheap_outer.o)
    0x000014e2   0x000014e2   0x00000010   Code   RO         1016    .text               c_p.l(exit.o)
    0x000014f2   0x000014f2   0x0000002e   Code   RO         1028    .text               fz_ps.l(cmpret.o)
    0x00001520   0x00001520   0x00000014   Code   RO         1030    .text               fz_ps.l(dnan2.o)
    0x00001534   0x00001534   0x00000010   Code   RO         1032    .text               fz_ps.l(fnan2.o)
    0x00001544   0x00001544   0x0000005e   Code   RO         1099    .text               fz_ps.l(retnan.o)
    0x000015a2   0x000015a2   0x00000002   PAD
    0x000015a4   0x000015a4   0x0000000c   Code   RO         1101    .text               c_p.l(sys_exit.o)
    0x000015b0   0x000015b0   0x00000002   Code   RO         1126    .text               c_p.l(use_no_semi.o)
    0x000015b2   0x000015b2   0x00000000   Code   RO         1128    .text               c_p.l(indicate_semi.o)
    0x000015b2   0x000015b2   0x00000056   Code   RO         1182    .text               c_p.l(__dczerorl2.o)
    0x00001608   0x00001608   0x00000218   Code   RO          501    .text.AHRS_Geteuler  mpu6050.o
    0x00001820   0x00001820   0x0000000a   Code   RO          532    .text.DL_Common_delayCycles  driverlib.a(dl_common.o)
    0x0000182a   0x0000182a   0x0000000c   Code   RO          108    .text.DL_Common_updateReg  ti_msp_dl_config.o
    0x00001836   0x00001836   0x0000000c   Code   RO          505    .text.DL_Common_updateReg  mpu6050.o
    0x00001842   0x00001842   0x00000002   PAD
    0x00001844   0x00001844   0x00000010   Code   RO           62    .text.DL_GPIO_clearInterruptStatus  ti_msp_dl_config.o
    0x00001854   0x00001854   0x00000010   Code   RO          345    .text.DL_GPIO_clearInterruptStatus  encoder.o
    0x00001864   0x00001864   0x00000008   Code   RO           56    .text.DL_GPIO_clearPins  ti_msp_dl_config.o
    0x0000186c   0x0000186c   0x0000000c   Code   RO          317    .text.DL_GPIO_clearPins  oled.o
    0x00001878   0x00001878   0x00000008   Code   RO          386    .text.DL_GPIO_clearPins  motor_ctrl.o
    0x00001880   0x00001880   0x00000010   Code   RO          319    .text.DL_GPIO_disableOutput  oled.o
    0x00001890   0x00001890   0x00000010   Code   RO           44    .text.DL_GPIO_enableHiZ  ti_msp_dl_config.o
    0x000018a0   0x000018a0   0x00000014   Code   RO           64    .text.DL_GPIO_enableInterrupt  ti_msp_dl_config.o
    0x000018b4   0x000018b4   0x0000000c   Code   RO           40    .text.DL_GPIO_enableOutput  ti_msp_dl_config.o
    0x000018c0   0x000018c0   0x00000010   Code   RO          327    .text.DL_GPIO_enableOutput  oled.o
    0x000018d0   0x000018d0   0x0000000c   Code   RO           30    .text.DL_GPIO_enablePower  ti_msp_dl_config.o
    0x000018dc   0x000018dc   0x00000010   Code   RO          343    .text.DL_GPIO_getEnabledInterruptStatus  encoder.o
    0x000018ec   0x000018ec   0x00000010   Code   RO           50    .text.DL_GPIO_initDigitalInput  ti_msp_dl_config.o
    0x000018fc   0x000018fc   0x0000000c   Code   RO           54    .text.DL_GPIO_initDigitalInputFeatures  ti_msp_dl_config.o
    0x00001908   0x00001908   0x0000000c   Code   RO          321    .text.DL_GPIO_initDigitalInputFeatures  oled.o
    0x00001914   0x00001914   0x0000000c   Code   RO           48    .text.DL_GPIO_initDigitalOutput  ti_msp_dl_config.o
    0x00001920   0x00001920   0x0000000c   Code   RO          325    .text.DL_GPIO_initDigitalOutput  oled.o
    0x0000192c   0x0000192c   0x00000010   Code   RO           52    .text.DL_GPIO_initDigitalOutputFeatures  ti_msp_dl_config.o
    0x0000193c   0x0000193c   0x00000010   Code   RO           46    .text.DL_GPIO_initPeripheralInputFunction  ti_msp_dl_config.o
    0x0000194c   0x0000194c   0x00000010   Code   RO           42    .text.DL_GPIO_initPeripheralInputFunctionFeatures  ti_msp_dl_config.o
    0x0000195c   0x0000195c   0x00000010   Code   RO           38    .text.DL_GPIO_initPeripheralOutputFunction  ti_msp_dl_config.o
    0x0000196c   0x0000196c   0x00000008   Code   RO          232    .text.DL_GPIO_readPins  key.o
    0x00001974   0x00001974   0x00000010   Code   RO          323    .text.DL_GPIO_readPins  oled.o
    0x00001984   0x00001984   0x0000000c   Code   RO          347    .text.DL_GPIO_readPins  encoder.o
    0x00001990   0x00001990   0x0000000a   Code   RO          452    .text.DL_GPIO_readPins  gw_gray.o
    0x0000199a   0x0000199a   0x00000002   PAD
    0x0000199c   0x0000199c   0x0000000c   Code   RO           22    .text.DL_GPIO_reset  ti_msp_dl_config.o
    0x000019a8   0x000019a8   0x00000014   Code   RO           60    .text.DL_GPIO_setLowerPinsPolarity  ti_msp_dl_config.o
    0x000019bc   0x000019bc   0x00000008   Code   RO           58    .text.DL_GPIO_setPins  ti_msp_dl_config.o
    0x000019c4   0x000019c4   0x0000000c   Code   RO          313    .text.DL_GPIO_setPins  oled.o
    0x000019d0   0x000019d0   0x0000000c   Code   RO          384    .text.DL_GPIO_setPins  motor_ctrl.o
    0x000019dc   0x000019dc   0x0000000c   Code   RO          139    .text.DL_GPIO_togglePins  main.o
    0x000019e8   0x000019e8   0x00000010   Code   RO           86    .text.DL_I2C_enableAnalogGlitchFilter  ti_msp_dl_config.o
    0x000019f8   0x000019f8   0x0000000c   Code   RO           98    .text.DL_I2C_enableController  ti_msp_dl_config.o
    0x00001a04   0x00001a04   0x00000010   Code   RO           96    .text.DL_I2C_enableControllerClockStretching  ti_msp_dl_config.o
    0x00001a14   0x00001a14   0x0000000c   Code   RO           34    .text.DL_I2C_enablePower  ti_msp_dl_config.o
    0x00001a20   0x00001a20   0x0000002c   Code   RO          545    .text.DL_I2C_fillControllerTXFIFO  driverlib.a(dl_i2c.o)
    0x00001a4c   0x00001a4c   0x00000028   Code   RO          547    .text.DL_I2C_flushControllerTXFIFO  driverlib.a(dl_i2c.o)
    0x00001a74   0x00001a74   0x0000000c   Code   RO          471    .text.DL_I2C_getControllerStatus  mpu6050.o
    0x00001a80   0x00001a80   0x00000014   Code   RO          483    .text.DL_I2C_isControllerRXFIFOEmpty  mpu6050.o
    0x00001a94   0x00001a94   0x0000000c   Code   RO          485    .text.DL_I2C_receiveControllerData  mpu6050.o
    0x00001aa0   0x00001aa0   0x00000010   Code   RO           26    .text.DL_I2C_reset  ti_msp_dl_config.o
    0x00001ab0   0x00001ab0   0x0000000c   Code   RO           88    .text.DL_I2C_resetControllerTransfer  ti_msp_dl_config.o
    0x00001abc   0x00001abc   0x00000014   Code   RO           84    .text.DL_I2C_setAnalogGlitchFilterPulseWidth  ti_msp_dl_config.o
    0x00001ad0   0x00001ad0   0x00000026   Code   RO          541    .text.DL_I2C_setClockConfig  driverlib.a(dl_i2c.o)
    0x00001af6   0x00001af6   0x00000002   PAD
    0x00001af8   0x00001af8   0x00000010   Code   RO           94    .text.DL_I2C_setControllerRXFIFOThreshold  ti_msp_dl_config.o
    0x00001b08   0x00001b08   0x00000014   Code   RO           92    .text.DL_I2C_setControllerTXFIFOThreshold  ti_msp_dl_config.o
    0x00001b1c   0x00001b1c   0x0000000c   Code   RO           90    .text.DL_I2C_setTimerPeriod  ti_msp_dl_config.o
    0x00001b28   0x00001b28   0x0000002c   Code   RO          473    .text.DL_I2C_startControllerTransfer  mpu6050.o
    0x00001b54   0x00001b54   0x00000010   Code   RO          341    .text.DL_Interrupt_getStatusGroup  encoder.o
    0x00001b64   0x00001b64   0x00000014   Code   RO           70    .text.DL_SYSCTL_enableMFCLK  ti_msp_dl_config.o
    0x00001b78   0x00001b78   0x00000010   Code   RO           72    .text.DL_SYSCTL_enableMFPCLK  ti_msp_dl_config.o
    0x00001b88   0x00001b88   0x0000000c   Code   RO           66    .text.DL_SYSCTL_setBORThreshold  ti_msp_dl_config.o
    0x00001b94   0x00001b94   0x00000014   Code   RO           74    .text.DL_SYSCTL_setMFPCLKSource  ti_msp_dl_config.o
    0x00001ba8   0x00001ba8   0x00000014   Code   RO           68    .text.DL_SYSCTL_setSYSOSCFreq  ti_msp_dl_config.o
    0x00001bbc   0x00001bbc   0x00000070   Code   RO          651    .text.DL_TimerA_initPWMMode  driverlib.a(dl_timer.o)
    0x00001c2c   0x00001c2c   0x00000008   Code   RO           76    .text.DL_Timer_enableClock  ti_msp_dl_config.o
    0x00001c34   0x00001c34   0x00000010   Code   RO           80    .text.DL_Timer_enableInterrupt  ti_msp_dl_config.o
    0x00001c44   0x00001c44   0x00000010   Code   RO           32    .text.DL_Timer_enablePower  ti_msp_dl_config.o
    0x00001c54   0x00001c54   0x0000000c   Code   RO          137    .text.DL_Timer_getPendingInterrupt  main.o
    0x00001c60   0x00001c60   0x000000c0   Code   RO          595    .text.DL_Timer_initPWMMode  driverlib.a(dl_timer.o)
    0x00001d20   0x00001d20   0x000000f0   Code   RO          577    .text.DL_Timer_initTimerMode  driverlib.a(dl_timer.o)
    0x00001e10   0x00001e10   0x00000010   Code   RO           24    .text.DL_Timer_reset  ti_msp_dl_config.o
    0x00001e20   0x00001e20   0x0000000c   Code   RO           78    .text.DL_Timer_setCCPDirection  ti_msp_dl_config.o
    0x00001e2c   0x00001e2c   0x0000001c   Code   RO          625    .text.DL_Timer_setCaptCompUpdateMethod  driverlib.a(dl_timer.o)
    0x00001e48   0x00001e48   0x00000018   Code   RO          599    .text.DL_Timer_setCaptureCompareOutCtl  driverlib.a(dl_timer.o)
    0x00001e60   0x00001e60   0x00000010   Code   RO          579    .text.DL_Timer_setCaptureCompareValue  driverlib.a(dl_timer.o)
    0x00001e70   0x00001e70   0x0000001c   Code   RO          573    .text.DL_Timer_setClockConfig  driverlib.a(dl_timer.o)
    0x00001e8c   0x00001e8c   0x00000010   Code   RO          145    .text.DL_Timer_startCounter  main.o
    0x00001e9c   0x00001e9c   0x00000010   Code   RO          220    .text.DL_UART_clearInterruptStatus  usart.o
    0x00001eac   0x00001eac   0x0000000c   Code   RO          106    .text.DL_UART_enable  ti_msp_dl_config.o
    0x00001eb8   0x00001eb8   0x00000014   Code   RO          104    .text.DL_UART_enableInterrupt  ti_msp_dl_config.o
    0x00001ecc   0x00001ecc   0x00000010   Code   RO           36    .text.DL_UART_enablePower  ti_msp_dl_config.o
    0x00001edc   0x00001edc   0x00000010   Code   RO          216    .text.DL_UART_getEnabledInterruptStatus  usart.o
    0x00001eec   0x00001eec   0x00000048   Code   RO          672    .text.DL_UART_init  driverlib.a(dl_uart.o)
    0x00001f34   0x00001f34   0x0000000c   Code   RO          218    .text.DL_UART_receiveData  usart.o
    0x00001f40   0x00001f40   0x00000010   Code   RO           28    .text.DL_UART_reset  ti_msp_dl_config.o
    0x00001f50   0x00001f50   0x00000034   Code   RO          102    .text.DL_UART_setBaudRateDivisor  ti_msp_dl_config.o
    0x00001f84   0x00001f84   0x00000012   Code   RO          674    .text.DL_UART_setClockConfig  driverlib.a(dl_uart.o)
    0x00001f96   0x00001f96   0x00000002   PAD
    0x00001f98   0x00001f98   0x00000014   Code   RO          100    .text.DL_UART_setOversampling  ti_msp_dl_config.o
    0x00001fac   0x00001fac   0x00000014   Code   RO          686    .text.DL_UART_transmitDataBlocking  driverlib.a(dl_uart.o)
    0x00001fc0   0x00001fc0   0x000000fc   Code   RO          339    .text.GROUP1_IRQHandler  encoder.o
    0x000020bc   0x000020bc   0x00000030   Code   RO          202    .text.HAL_UART_Transmit  usart.o
    0x000020ec   0x000020ec   0x00000110   Code   RO          454    .text.Huidu_Proc    gw_gray.o
    0x000021fc   0x000021fc   0x000000a0   Code   RO          450    .text.Huidu_Read    gw_gray.o
    0x0000229c   0x0000229c   0x0000000a   Code   RO          315    .text.I2C_Delay     oled.o
    0x000022a6   0x000022a6   0x00000002   PAD
    0x000022a8   0x000022a8   0x00000068   Code   RO          481    .text.I2C_ReadReg   mpu6050.o
    0x00002310   0x00002310   0x00000052   Code   RO          253    .text.I2C_Send_Byte  oled.o
    0x00002362   0x00002362   0x0000002a   Code   RO          251    .text.I2C_Start     oled.o
    0x0000238c   0x0000238c   0x0000002e   Code   RO          257    .text.I2C_Stop      oled.o
    0x000023ba   0x000023ba   0x0000004a   Code   RO          255    .text.I2C_WaitAck   oled.o
    0x00002404   0x00002404   0x00000060   Code   RO          479    .text.I2C_WriteReg  mpu6050.o
    0x00002464   0x00002464   0x0000009c   Code   RO          234    .text.KEY_PROC      key.o
    0x00002500   0x00002500   0x000000d0   Code   RO          230    .text.Key_Read      key.o
    0x000025d0   0x000025d0   0x0000002a   Code   RO          499    .text.LPF_1st       mpu6050.o
    0x000025fa   0x000025fa   0x00000002   PAD
    0x000025fc   0x000025fc   0x000000d8   Code   RO          353    .text.MEASURE_MOTORS_SPEED  encoder.o
    0x000026d4   0x000026d4   0x0000021c   Code   RO          495    .text.MPU6050_ReadDatas_Proc  mpu6050.o
    0x000028f0   0x000028f0   0x00000040   Code   RO          349    .text.Motor1_Get_Speed  encoder.o
    0x00002930   0x00002930   0x0000004c   Code   RO          351    .text.Motor2_Get_Speed  encoder.o
    0x0000297c   0x0000297c   0x0000002a   Code   RO          129    .text.NVIC_EnableIRQ_Init  main.o
    0x000029a6   0x000029a6   0x00000002   PAD
    0x000029a8   0x000029a8   0x00000024   Code   RO          267    .text.OLED_Clear    oled.o
    0x000029cc   0x000029cc   0x00000018   Code   RO          245    .text.OLED_ColorTurn  oled.o
    0x000029e4   0x000029e4   0x00000026   Code   RO          249    .text.OLED_DisplayTurn  oled.o
    0x00002a0a   0x00002a0a   0x00000002   PAD
    0x00002a0c   0x00002a0c   0x0000002c   Code   RO          269    .text.OLED_DrawPoint  oled.o
    0x00002a38   0x00002a38   0x000000fe   Code   RO          305    .text.OLED_Init     oled.o
    0x00002b36   0x00002b36   0x00000012   Code   RO          283    .text.OLED_Pow      oled.o
    0x00002b48   0x00002b48   0x00000068   Code   RO          265    .text.OLED_Refresh  oled.o
    0x00002bb0   0x00002bb0   0x0000005c   Code   RO          291    .text.OLED_ShowBinNum  oled.o
    0x00002c0c   0x00002c0c   0x000000b0   Code   RO          279    .text.OLED_ShowChar  oled.o
    0x00002cbc   0x00002cbc   0x00000120   Code   RO          293    .text.OLED_ShowFloatNum  oled.o
    0x00002ddc   0x00002ddc   0x00000082   Code   RO          285    .text.OLED_ShowNum  oled.o
    0x00002e5e   0x00002e5e   0x00000066   Code   RO          287    .text.OLED_ShowSignedNum  oled.o
    0x00002ec4   0x00002ec4   0x00000050   Code   RO          281    .text.OLED_ShowString  oled.o
    0x00002f14   0x00002f14   0x00000624   Code   RO          131    .text.OLED_Show_Proc  main.o
    0x00003538   0x00003538   0x00000008   Code   RO          307    .text.OLED_Update   oled.o
    0x00003540   0x00003540   0x00000034   Code   RO          247    .text.OLED_WR_Byte  oled.o
    0x00003574   0x00003574   0x0000007e   Code   RO          372    .text.PID_Calculate  motor_ctrl.o
    0x000035f2   0x000035f2   0x00000028   Code   RO          370    .text.PID_Limit     motor_ctrl.o
    0x0000361a   0x0000361a   0x00000014   Code   RO          376    .text.PWM_Limit     motor_ctrl.o
    0x0000362e   0x0000362e   0x00000002   PAD
    0x00003630   0x00003630   0x000000f0   Code   RO          133    .text.Protocol_Datas_Proc  main.o
    0x00003720   0x00003720   0x00000010   Code   RO          390    .text.SET_MOTORS_SPEED  motor_ctrl.o
    0x00003730   0x00003730   0x00000134   Code   RO            6    .text.SYSCFG_DL_GPIO_init  ti_msp_dl_config.o
    0x00003864   0x00003864   0x00000034   Code   RO           14    .text.SYSCFG_DL_I2C_0_init  ti_msp_dl_config.o
    0x00003898   0x00003898   0x00000074   Code   RO           10    .text.SYSCFG_DL_PWM_0_init  ti_msp_dl_config.o
    0x0000390c   0x0000390c   0x00000018   Code   RO            8    .text.SYSCFG_DL_SYSCTL_init  ti_msp_dl_config.o
    0x00003924   0x00003924   0x00000030   Code   RO           12    .text.SYSCFG_DL_TIMER_0_init  ti_msp_dl_config.o
    0x00003954   0x00003954   0x0000003c   Code   RO           16    .text.SYSCFG_DL_UART_0_init  ti_msp_dl_config.o
    0x00003990   0x00003990   0x00000034   Code   RO            2    .text.SYSCFG_DL_init  ti_msp_dl_config.o
    0x000039c4   0x000039c4   0x0000005c   Code   RO            4    .text.SYSCFG_DL_initPower  ti_msp_dl_config.o
    0x00003a20   0x00003a20   0x0000001c   Code   RO          378    .text.Set_Motor1_PWM  motor_ctrl.o
    0x00003a3c   0x00003a3c   0x00000068   Code   RO          382    .text.Set_Motor1_Speed  motor_ctrl.o
    0x00003aa4   0x00003aa4   0x00000024   Code   RO          380    .text.Set_Motor2_PWM  motor_ctrl.o
    0x00003ac8   0x00003ac8   0x00000068   Code   RO          388    .text.Set_Motor2_Speed  motor_ctrl.o
    0x00003b30   0x00003b30   0x00000010   Code   RO          374    .text.Set_PID_Param  motor_ctrl.o
    0x00003b40   0x00003b40   0x00000014   Code   RO          489    .text.Single_ReadI2C  mpu6050.o
    0x00003b54   0x00003b54   0x00000014   Code   RO          487    .text.Single_WriteI2C  mpu6050.o
    0x00003b68   0x00003b68   0x000001b4   Code   RO          135    .text.TIMA1_IRQHandler  main.o
    0x00003d1c   0x00003d1c   0x00000028   Code   RO          214    .text.UART0_IRQHandler  usart.o
    0x00003d44   0x00003d44   0x00000014   Code   RO          141    .text.__NVIC_ClearPendingIRQ  main.o
    0x00003d58   0x00003d58   0x00000014   Code   RO          143    .text.__NVIC_EnableIRQ  main.o
    0x00003d6c   0x00003d6c   0x00000028   Code   RO           82    .text.__NVIC_SetPriority  ti_msp_dl_config.o
    0x00003d94   0x00003d94   0x0000001c   Code   RO          424    .text.__NVIC_SystemReset  protocol.o
    0x00003db0   0x00003db0   0x00000014   Code   RO          412    .text.check_sum     protocol.o
    0x00003dc4   0x00003dc4   0x0000000a   Code   RO          180    .text.delay_us      delay.o
    0x00003dce   0x00003dce   0x00000012   Code   RO          434    .text.get_frame_checksum  protocol.o
    0x00003de0   0x00003de0   0x00000016   Code   RO          432    .text.get_frame_len  protocol.o
    0x00003df6   0x00003df6   0x0000000a   Code   RO          436    .text.get_frame_type  protocol.o
    0x00003e00   0x00003e00   0x0000005a   Code   RO          497    .text.kalmanfiter   mpu6050.o
    0x00003e5a   0x00003e5a   0x00000022   Code   RO          127    .text.main          main.o
    0x00003e7c   0x00003e7c   0x00000080   Code   RO          491    .text.mpu6050_init  mpu6050.o
    0x00003efc   0x00003efc   0x0000007c   Code   RO          493    .text.mpu6050_read  mpu6050.o
    0x00003f78   0x00003f78   0x00000020   Code   RO          414    .text.protocol_data_recv  protocol.o
    0x00003f98   0x00003f98   0x00000138   Code   RO          422    .text.protocol_frame_parse  protocol.o
    0x000040d0   0x000040d0   0x00000018   Code   RO          418    .text.protocol_init  protocol.o
    0x000040e8   0x000040e8   0x000001b8   Code   RO          420    .text.receiving_process  protocol.o
    0x000042a0   0x000042a0   0x00000058   Code   RO          430    .text.recvbuf_find_header  protocol.o
    0x000042f8   0x000042f8   0x00000020   Code   RO          428    .text.recvbuf_get_len_to_parse  protocol.o
    0x00004318   0x00004318   0x0000003c   Code   RO          416    .text.recvbuf_put_data  protocol.o
    0x00004354   0x00004354   0x00000074   Code   RO          426    .text.set_computer_value  protocol.o
    0x000043c8   0x000043c8   0x000001f6   Code   RO          720    .text_divfast       c_p.l(aeabi_sdivfast.o)
    0x000045be   0x000045be   0x00000002   PAD
    0x000045c0   0x000045c0   0x0000002c   Code   RO          937    i.__ARM_fpclassify  m_ps.l(fpclassify.o)
    0x000045ec   0x000045ec   0x000000ac   Code   RO          939    i.__kernel_poly     m_ps.l(poly.o)
    0x00004698   0x00004698   0x0000000a   Code   RO          924    i.__mathlib_dbl_infnan  m_ps.l(dunder.o)
    0x000046a2   0x000046a2   0x00000002   PAD
    0x000046a4   0x000046a4   0x00000014   Code   RO          929    i.__mathlib_dbl_underflow  m_ps.l(dunder.o)
    0x000046b8   0x000046b8   0x00000016   Code   RO          735    i._deq              fz_ps.l(dcmp.o)
    0x000046ce   0x000046ce   0x0000001a   Code   RO          738    i._dleq             fz_ps.l(dcmp.o)
    0x000046e8   0x000046e8   0x00000016   Code   RO          764    i._feq              fz_ps.l(fcmp.o)
    0x000046fe   0x000046fe   0x00000016   Code   RO          765    i._fgeq             fz_ps.l(fcmp.o)
    0x00004714   0x00004714   0x0000001a   Code   RO          767    i._fleq             fz_ps.l(fcmp.o)
    0x0000472e   0x0000472e   0x00000002   PAD
    0x00004730   0x00004730   0x0000021c   Code   RO          786    i.atan              m_ps.l(atan.o)
    0x0000494c   0x0000494c   0x0000009c   Code   RO          790    i.round             m_ps.l(round.o)
    0x000049e8   0x000049e8   0x0000002c   Code   RO          793    i.sqrtf             m_ps.l(sqrtf.o)
    0x00004a14   0x00004a14   0x00000064   Code   RO          894    x$fpl$deqf          fz_ps.l(deqf.o)
    0x00004a78   0x00004a78   0x00000064   Code   RO          898    x$fpl$dleqf         fz_ps.l(dlef.o)
    0x00004adc   0x00004adc   0x00000068   Code   RO          900    x$fpl$drleqf        fz_ps.l(drlef.o)
    0x00004b44   0x00004b44   0x0000008c   Code   RO          758    x$fpl$fadd          fz_ps.l(faddsub.o)
    0x00004bd0   0x00004bd0   0x00000054   Code   RO          906    x$fpl$feqf          fz_ps.l(feqf.o)
    0x00004c24   0x00004c24   0x00000054   Code   RO          908    x$fpl$fgeqf         fz_ps.l(fgef.o)
    0x00004c78   0x00004c78   0x00000054   Code   RO          910    x$fpl$fleqf         fz_ps.l(flef.o)
    0x00004ccc   0x00004ccc   0x000000b0   Code   RO          783    x$fpl$fmul          fz_ps.l(fmul.o)
    0x00004d7c   0x00004d7c   0x000000d0   Code   RO          760    x$fpl$fsub          fz_ps.l(faddsub.o)
    0x00004e4c   0x00004e4c   0x00000000   Code   RO          922    x$fpl$usenofp       fz_ps.l(usenofp.o)
    0x00004e4c   0x00004e4c   0x00000080   Data   RO          748    .constdata          fz_ps.l(ddiv.o)
    0x00004ecc   0x00004ecc   0x00000040   Data   RO          777    .constdata          fz_ps.l(fdiv.o)
    0x00004f0c   0x00004f0c   0x00000004   PAD
    0x00004f10   0x00004f10   0x00000098   Data   RO          787    .constdata          m_ps.l(atan.o)
    0x00004fa8   0x00004fa8   0x000005f0   Data   RO          329    .rodata.OLED_F8x16  oled.o
    0x00005598   0x00005598   0x00000002   Data   RO          116    .rodata.gI2C_0ClockConfig  ti_msp_dl_config.o
    0x0000559a   0x0000559a   0x00000003   Data   RO          112    .rodata.gPWM_0ClockConfig  ti_msp_dl_config.o
    0x0000559d   0x0000559d   0x00000003   PAD
    0x000055a0   0x000055a0   0x00000008   Data   RO          113    .rodata.gPWM_0Config  ti_msp_dl_config.o
    0x000055a8   0x000055a8   0x00000003   Data   RO          114    .rodata.gTIMER_0ClockConfig  ti_msp_dl_config.o
    0x000055ab   0x000055ab   0x00000001   PAD
    0x000055ac   0x000055ac   0x00000014   Data   RO          115    .rodata.gTIMER_0TimerConfig  ti_msp_dl_config.o
    0x000055c0   0x000055c0   0x00000002   Data   RO          117    .rodata.gUART_0ClockConfig  ti_msp_dl_config.o
    0x000055c2   0x000055c2   0x0000000a   Data   RO          118    .rodata.gUART_0Config  ti_msp_dl_config.o
    0x000055cc   0x000055cc   0x0000000c   Data   RO          159    .rodata.str1.1      main.o
    0x000055d8   0x000055d8   0x00000020   Data   RO         1181    Region$$Table       anon$$obj.o


    Execution Region RW_IRAM2 (Exec base: 0x20200000, Load base: 0x000055f8, Size: 0x00000f90, Max: 0x00008000, ABSOLUTE, COMPRESSED[0x00000058])

    Exec Addr    Load Addr    Size         Type   Attr      Idx    E Section Name        Object

    0x20200000   COMPRESSED   0x00000004   Data   RW          148    .data.Basic_Speed   main.o
    0x20200004   COMPRESSED   0x00000001   Data   RW          147    .data.Car_Mode      main.o
    0x20200005   COMPRESSED   0x00000003   PAD
    0x20200008   COMPRESSED   0x00000048   Data   RW          516    .data.MPU6050_ReadDatas_Proc.EKF  mpu6050.o
    0x20200050   COMPRESSED   0x00000001   Data   RW          149    .data.OLED_View_Select  main.o
    0x20200051   COMPRESSED   0x00000001   Data   RW          440    .data.Set_Motor_Param_Select  protocol.o
    0x20200052   COMPRESSED   0x00000001   Data   RW          394    .data.Turn_PID_Flag  motor_ctrl.o
    0x20200053   COMPRESSED   0x00000001   PAD
    0x20200054   COMPRESSED   0x00000038   Data   RW          403    .data.pid_Angle     motor_ctrl.o
    0x2020008c   COMPRESSED   0x00000038   Data   RW          401    .data.pid_Distance  motor_ctrl.o
    0x202000c4   COMPRESSED   0x00000038   Data   RW          402    .data.pid_Gyro      motor_ctrl.o
    0x202000fc   COMPRESSED   0x00000038   Data   RW          398    .data.pid_Motor1_Speed  motor_ctrl.o
    0x20200134   COMPRESSED   0x00000038   Data   RW          399    .data.pid_Motor2_Speed  motor_ctrl.o
    0x2020016c   COMPRESSED   0x00000038   Data   RW          400    .data.pid_Turn      motor_ctrl.o
    0x202001a4   COMPRESSED   0x00000004   PAD
    0x202001a8        -       0x00000060   Zero   RW          990    .bss                c_p.l(libspace.o)
    0x20200208        -       0x00000001   Zero   RW          397    .bss.Angle_PID_Flag  motor_ctrl.o
    0x20200209        -       0x00000001   Zero   RW          395    .bss.Distance_PID_Flag  motor_ctrl.o
    0x2020020a        -       0x00000001   Zero   RW          396    .bss.Gyro_PID_Flag  motor_ctrl.o
    0x2020020b   COMPRESSED   0x00000001   PAD
    0x2020020c        -       0x00000004   Zero   RW          520    .bss.Gyro_Z_Measeure  mpu6050.o
    0x20200210        -       0x00000001   Zero   RW          460    .bss.Huidu_Datas    gw_gray.o
    0x20200211   COMPRESSED   0x00000003   PAD
    0x20200214        -       0x00000004   Zero   RW          459    .bss.Huidu_Error    gw_gray.o
    0x20200218        -       0x00000004   Zero   RW          457    .bss.Huidu_Proc.huidu_lasterror  gw_gray.o
    0x2020021c        -       0x00000004   Zero   RW          458    .bss.Huidu_Sum      gw_gray.o
    0x20200220        -       0x00000004   Zero   RW          456    .bss.Huidu_Target   gw_gray.o
    0x20200224        -       0x00000018   Zero   RW          236    .bss.Key            key.o
    0x2020023c        -       0x00000001   Zero   RW          392    .bss.MOTOR1_ENABLE_FLAG  motor_ctrl.o
    0x2020023d        -       0x00000001   Zero   RW          393    .bss.MOTOR2_ENABLE_FLAG  motor_ctrl.o
    0x2020023e        -       0x00000002   Zero   RW          514    .bss.MPU6050_ReadDatas_Proc.time  mpu6050.o
    0x20200240        -       0x00000004   Zero   RW          517    .bss.MPU6050_ReadDatas_Proc.x  mpu6050.o
    0x20200244        -       0x00000004   Zero   RW          518    .bss.MPU6050_ReadDatas_Proc.y  mpu6050.o
    0x20200248        -       0x00000004   Zero   RW          519    .bss.MPU6050_ReadDatas_Proc.z  mpu6050.o
    0x2020024c        -       0x00000004   Zero   RW          359    .bss.Measure_Distance  encoder.o
    0x20200250        -       0x00000004   Zero   RW          355    .bss.Motor1_Encoder_Value  encoder.o
    0x20200254        -       0x00000004   Zero   RW          360    .bss.Motor1_Lucheng  encoder.o
    0x20200258        -       0x00000004   Zero   RW          357    .bss.Motor1_Speed   encoder.o
    0x2020025c        -       0x00000004   Zero   RW          157    .bss.Motor1_Target_Speed  main.o
    0x20200260        -       0x00000004   Zero   RW          356    .bss.Motor2_Encoder_Value  encoder.o
    0x20200264        -       0x00000004   Zero   RW          361    .bss.Motor2_Lucheng  encoder.o
    0x20200268        -       0x00000004   Zero   RW          358    .bss.Motor2_Speed   encoder.o
    0x2020026c        -       0x00000004   Zero   RW          158    .bss.Motor2_Target_Speed  main.o
    0x20200270        -       0x00000480   Zero   RW          330    .bss.OLED_GRAM      oled.o
    0x202006f0        -       0x00000002   Zero   RW          154    .bss.TIMA1_IRQHandler.count_100ms  main.o
    0x202006f2        -       0x00000002   Zero   RW          153    .bss.TIMA1_IRQHandler.count_10ms  main.o
    0x202006f4        -       0x00000002   Zero   RW          155    .bss.TIMA1_IRQHandler.t  main.o
    0x202006f6   COMPRESSED   0x00000002   PAD
    0x202006f8        -       0x00000004   Zero   RW          152    .bss.Target_Angle   main.o
    0x202006fc        -       0x00000004   Zero   RW          156    .bss.Target_ChaSu   main.o
    0x20200700        -       0x00000004   Zero   RW          150    .bss.Target_Distance  main.o
    0x20200704        -       0x00000004   Zero   RW          151    .bss.Target_Gyro    main.o
    0x20200708        -       0x00000004   Zero   RW          523    .bss.Yaw            mpu6050.o
    0x2020070c        -       0x000000bc   Zero   RW          110    .bss.gPWM_0Backup   ti_msp_dl_config.o
    0x202007c8        -       0x000000bc   Zero   RW          111    .bss.gTIMER_0Backup  ti_msp_dl_config.o
    0x20200884        -       0x00000064   Zero   RW          515    .bss.mpu6050        mpu6050.o
    0x202008e8        -       0x0000000c   Zero   RW          438    .bss.parser         protocol.o
    0x202008f4        -       0x00000004   Zero   RW          521    .bss.pitch2         mpu6050.o
    0x202008f8        -       0x00000005   Zero   RW          509    .bss.read_imu       mpu6050.o
    0x202008fd        -       0x00000080   Zero   RW          439    .bss.recv_buf       protocol.o
    0x2020097d   COMPRESSED   0x00000003   PAD
    0x20200980        -       0x00000004   Zero   RW          522    .bss.roll2          mpu6050.o
    0x20200984        -       0x0000000a   Zero   RW          441    .bss.set_computer_value.set_packet  protocol.o
    0x2020098e   COMPRESSED   0x00000002   PAD
    0x20200990        -       0x00000200   Zero   RW          169    HEAP                startup_mspm0g350x_uvision.o
    0x20200b90        -       0x00000400   Zero   RW          168    STACK               startup_mspm0g350x_uvision.o



  Load Region LR_BCR (Base: 0x41c00000, Size: 0x00000000, Max: 0x00000100, ABSOLUTE)

    Execution Region BCR_CONFIG (Exec base: 0x41c00000, Load base: 0x41c00000, Size: 0x00000000, Max: 0x00000080, ABSOLUTE)

    **** No section assigned to this execution region ****



  Load Region LR_BSL (Base: 0x41c00100, Size: 0x00000000, Max: 0x00000100, ABSOLUTE)

    Execution Region BSL_CONFIG (Exec base: 0x41c00100, Load base: 0x41c00100, Size: 0x00000000, Max: 0x00000080, ABSOLUTE)

    **** No section assigned to this execution region ****


==============================================================================

Image component sizes


      Code (inc. data)   RO Data    RW Data    ZI Data      Debug   Object Name

        10          0          0          0          0        757   delay.o
       668         88          0          0         28       5979   encoder.o
       442        148          0          0         17       4375   gw_gray.o
       372         16          0          0         24       4345   key.o
      2404        420         12          6         30       9772   main.o
       510         28          0        337          5       8651   motor_ctrl.o
      1800        136          0         72        135      11213   mpu6050.o
      1796         36       1520          0       1152      24496   oled.o
      1202        102          0          1        150       7072   protocol.o
        48         22        192          0       1536        728   startup_mspm0g350x_uvision.o
      1476        208         48          0        376      34386   ti_msp_dl_config.o
       132         16          0          0          0       6539   usart.o

    ----------------------------------------------------------------------
     10874       1220       1808        420       3468     118313   Object Totals
         0          0         32          0          0          0   (incl. Generated)
        14          0          4          4         15          0   (incl. Padding)

    ----------------------------------------------------------------------

      Code (inc. data)   RO Data    RW Data    ZI Data      Debug   Library Member Name

        86          0          0          0          0          0   __dczerorl2.o
         8          0          0          0          0         68   __main.o
         0          0          0          0          0          0   __rtentry.o
        12          0          0          0          0          0   __rtentry2.o
         6          0          0          0          0          0   __rtentry4.o
        60          8          0          0          0          0   __scatter.o
        28          0          0          0          0          0   __scatter_zi.o
        22          0          0          0          0         92   _rserrno.o
      1006          4          0          0          0        184   aeabi_sdivfast.o
        16          0          0          0          0         68   exit.o
         6          0          0          0          0        136   heapauxi.o
         0          0          0          0          0          0   indicate_semi.o
         2          0          0          0          0          0   libinit.o
         2          0          0          0          0          0   libinit2.o
         2          0          0          0          0          0   libshutdown.o
         2          0          0          0          0          0   libshutdown2.o
         8          4          0          0         96         68   libspace.o
         8          4          0          0          0         68   rt_errno_addr_intlibspace.o
       186          0          0          0          0        144   rt_memcpy.o
         2          0          0          0          0          0   rtexit.o
        10          0          0          0          0          0   rtexit2.o
        12          4          0          0          0         60   sys_exit.o
        62          0          0          0          0         80   sys_stackheap_outer.o
         2          0          0          0          0         68   use_no_semi.o
        10          0          0          0          0        802   dl_common.o
       122          4          0          0          0       8589   dl_i2c.o
       640        196          0          0          0      40195   dl_timer.o
       110         12          0          0          0      14127   dl_uart.o
        46          0          0          0          0         60   cmpret.o
       124          4          0          0          0         72   d2f.o
       856         20          0          0          0        208   daddsub.o
        48          0          0          0          0        136   dcmp.o
       160          6          0          0          0         76   dcmpin.o
      1096         26        128          0          0        112   ddiv.o
       100          4          0          0          0         92   deqf.o
        72          4          0          0          0         68   dfixui.o
        88          0          0          0          0         92   dflti.o
       100          4          0          0          0         92   dlef.o
       584         26          0          0          0         84   dmul.o
        20          6          0          0          0         68   dnan2.o
       104          4          0          0          0        104   drlef.o
       240          8          0          0          0         76   drnd.o
        96         12          0          0          0         72   dscalbn.o
        84          4          0          0          0         60   f2d.o
       348          8          0          0          0        160   faddsub.o
        70          0          0          0          0        204   fcmp.o
       100          4          0          0          0         68   fcmpin.o
       352         10         64          0          0         92   fdiv.o
        84          4          0          0          0         76   feqf.o
        76          0          0          0          0         68   ffixi.o
        94          0          0          0          0         92   fflti.o
        84          4          0          0          0         76   fgef.o
        84          4          0          0          0         76   flef.o
       176          4          0          0          0         80   fmul.o
        16          6          0          0          0         68   fnan2.o
       144          4          0          0          0         72   fsqrt.o
        94          0          0          0          0         68   retnan.o
         0          0          0          0          0          0   usenofp.o
       540         68        152          0          0        112   atan.o
        30          6          0          0          0        136   dunder.o
        44          4          0          0          0         60   fpclassify.o
       172          0          0          0          0         76   poly.o
       156         14          0          0          0         84   round.o
        44          0          0          0          0         72   sqrtf.o

    ----------------------------------------------------------------------
      8978        508        348          0         96      67961   Library Totals
        22          4          4          0          0          0   (incl. Padding)

    ----------------------------------------------------------------------

      Code (inc. data)   RO Data    RW Data    ZI Data      Debug   Library Name

      1548         24          0          0         96       1036   c_p.l
       882        212          0          0          0      63713   driverlib.a
      5540        176        192          0          0       2672   fz_ps.l
       986         92        152          0          0        540   m_ps.l

    ----------------------------------------------------------------------
      8978        508        348          0         96      67961   Library Totals

    ----------------------------------------------------------------------

==============================================================================


      Code (inc. data)   RO Data    RW Data    ZI Data      Debug   

     19852       1728       2156        420       3564     183778   Grand Totals
     19852       1728       2156         88       3564     183778   ELF Image Totals (compressed)
     19852       1728       2156         88          0          0   ROM Totals

==============================================================================

    Total RO  Size (Code + RO Data)                22008 (  21.49kB)
    Total RW  Size (RW Data + ZI Data)              3984 (   3.89kB)
    Total ROM Size (Code + RO Data + RW Data)      22096 (  21.58kB)

==============================================================================

